Archive member included to satisfy reference by file (symbol)

c:/progra~2/gnuarm~1/102021~1.10/bin/../lib/gcc/arm-none-eabi/10.3.1/thumb/v6-m/nofp\libgcc.a(_dvmd_tls.o)
                              CMakeFiles/ProjectName.dir/C_/Users/Vincent/Documents/Pico/pico-sdk/src/rp2_common/pico_divider/divider.S.obj (__aeabi_idiv0)
c:/progra~2/gnuarm~1/102021~1.10/bin/../lib/gcc/arm-none-eabi/10.3.1/../../../../arm-none-eabi/lib/thumb/v6-m/nofp\libg.a(lib_a-calloc.o)
                              CMakeFiles/ProjectName.dir/C_/Users/Vincent/Documents/Pico/pico-sdk/src/rp2_common/pico_malloc/pico_malloc.c.obj (calloc)
c:/progra~2/gnuarm~1/102021~1.10/bin/../lib/gcc/arm-none-eabi/10.3.1/../../../../arm-none-eabi/lib/thumb/v6-m/nofp\libg.a(lib_a-callocr.o)
                              c:/progra~2/gnuarm~1/102021~1.10/bin/../lib/gcc/arm-none-eabi/10.3.1/../../../../arm-none-eabi/lib/thumb/v6-m/nofp\libg.a(lib_a-calloc.o) (_calloc_r)
c:/progra~2/gnuarm~1/102021~1.10/bin/../lib/gcc/arm-none-eabi/10.3.1/../../../../arm-none-eabi/lib/thumb/v6-m/nofp\libg.a(lib_a-ctype_.o)
                              CMakeFiles/ProjectName.dir/C_/Users/Vincent/Documents/Pico/pico-sdk/lib/tinyusb/src/tusb.c.obj (_ctype_)
c:/progra~2/gnuarm~1/102021~1.10/bin/../lib/gcc/arm-none-eabi/10.3.1/../../../../arm-none-eabi/lib/thumb/v6-m/nofp\libg.a(lib_a-errno.o)
                              c:/progra~2/gnuarm~1/102021~1.10/bin/../lib/gcc/arm-none-eabi/10.3.1/../../../../arm-none-eabi/lib/thumb/v6-m/nofp\libg.a(lib_a-callocr.o) (__errno)
c:/progra~2/gnuarm~1/102021~1.10/bin/../lib/gcc/arm-none-eabi/10.3.1/../../../../arm-none-eabi/lib/thumb/v6-m/nofp\libg.a(lib_a-impure.o)
                              c:/progra~2/gnuarm~1/102021~1.10/bin/../lib/gcc/arm-none-eabi/10.3.1/../../../../arm-none-eabi/lib/thumb/v6-m/nofp\libg.a(lib_a-calloc.o) (_impure_ptr)
c:/progra~2/gnuarm~1/102021~1.10/bin/../lib/gcc/arm-none-eabi/10.3.1/../../../../arm-none-eabi/lib/thumb/v6-m/nofp\libg.a(lib_a-init.o)
                              c:/progra~2/gnuarm~1/102021~1.10/bin/../lib/gcc/arm-none-eabi/10.3.1/../../../../arm-none-eabi/lib/thumb/v6-m/nofp/crt0.o (__libc_init_array)
c:/progra~2/gnuarm~1/102021~1.10/bin/../lib/gcc/arm-none-eabi/10.3.1/../../../../arm-none-eabi/lib/thumb/v6-m/nofp\libg.a(lib_a-malloc.o)
                              CMakeFiles/ProjectName.dir/C_/Users/Vincent/Documents/Pico/pico-sdk/src/rp2_common/pico_malloc/pico_malloc.c.obj (malloc)
c:/progra~2/gnuarm~1/102021~1.10/bin/../lib/gcc/arm-none-eabi/10.3.1/../../../../arm-none-eabi/lib/thumb/v6-m/nofp\libg.a(lib_a-mallocr.o)
                              c:/progra~2/gnuarm~1/102021~1.10/bin/../lib/gcc/arm-none-eabi/10.3.1/../../../../arm-none-eabi/lib/thumb/v6-m/nofp\libg.a(lib_a-callocr.o) (_malloc_r)
c:/progra~2/gnuarm~1/102021~1.10/bin/../lib/gcc/arm-none-eabi/10.3.1/../../../../arm-none-eabi/lib/thumb/v6-m/nofp\libg.a(lib_a-mlock.o)
                              c:/progra~2/gnuarm~1/102021~1.10/bin/../lib/gcc/arm-none-eabi/10.3.1/../../../../arm-none-eabi/lib/thumb/v6-m/nofp\libg.a(lib_a-mallocr.o) (__malloc_lock)
c:/progra~2/gnuarm~1/102021~1.10/bin/../lib/gcc/arm-none-eabi/10.3.1/../../../../arm-none-eabi/lib/thumb/v6-m/nofp\libg.a(lib_a-realloc.o)
                              CMakeFiles/ProjectName.dir/C_/Users/Vincent/Documents/Pico/pico-sdk/src/rp2_common/pico_malloc/pico_malloc.c.obj (realloc)
c:/progra~2/gnuarm~1/102021~1.10/bin/../lib/gcc/arm-none-eabi/10.3.1/../../../../arm-none-eabi/lib/thumb/v6-m/nofp\libg.a(lib_a-reallocr.o)
                              c:/progra~2/gnuarm~1/102021~1.10/bin/../lib/gcc/arm-none-eabi/10.3.1/../../../../arm-none-eabi/lib/thumb/v6-m/nofp\libg.a(lib_a-realloc.o) (_realloc_r)
c:/progra~2/gnuarm~1/102021~1.10/bin/../lib/gcc/arm-none-eabi/10.3.1/../../../../arm-none-eabi/lib/thumb/v6-m/nofp\libg.a(lib_a-sbrkr.o)
                              c:/progra~2/gnuarm~1/102021~1.10/bin/../lib/gcc/arm-none-eabi/10.3.1/../../../../arm-none-eabi/lib/thumb/v6-m/nofp\libg.a(lib_a-mallocr.o) (_sbrk_r)
c:/progra~2/gnuarm~1/102021~1.10/bin/../lib/gcc/arm-none-eabi/10.3.1/../../../../arm-none-eabi/lib/thumb/v6-m/nofp\libg.a(lib_a-strlen-stub.o)
                              CMakeFiles/ProjectName.dir/C_/Users/Vincent/Documents/Pico/pico-sdk/src/rp2_common/pico_stdio/stdio.c.obj (strlen)
c:/progra~2/gnuarm~1/102021~1.10/bin/../lib/gcc/arm-none-eabi/10.3.1/../../../../arm-none-eabi/lib/thumb/v6-m/nofp\libg.a(lib_a-freer.o)
                              c:/progra~2/gnuarm~1/102021~1.10/bin/../lib/gcc/arm-none-eabi/10.3.1/../../../../arm-none-eabi/lib/thumb/v6-m/nofp\libg.a(lib_a-malloc.o) (_free_r)
c:/progra~2/gnuarm~1/102021~1.10/bin/../lib/gcc/arm-none-eabi/10.3.1/../../../../arm-none-eabi/lib/thumb/v6-m/nofp\libg.a(lib_a-lock.o)
                              c:/progra~2/gnuarm~1/102021~1.10/bin/../lib/gcc/arm-none-eabi/10.3.1/../../../../arm-none-eabi/lib/thumb/v6-m/nofp\libg.a(lib_a-mlock.o) (__retarget_lock_acquire_recursive)
[...]
Memory Configuration

Name             Origin             Length             Attributes
FLASH            0x10000000         0x00200000         xr
RAM              0x20000000         0x00040000         xrw
SCRATCH_X        0x20040000         0x00001000         xrw
SCRATCH_Y        0x20041000         0x00001000         xrw
*default*        0x00000000         0xffffffff

Linker script and memory map

LOAD c:/progra~2/gnuarm~1/102021~1.10/bin/../lib/gcc/arm-none-eabi/10.3.1/thumb/v6-m/nofp/crti.o
LOAD c:/progra~2/gnuarm~1/102021~1.10/bin/../lib/gcc/arm-none-eabi/10.3.1/thumb/v6-m/nofp/crtbegin.o
LOAD c:/progra~2/gnuarm~1/102021~1.10/bin/../lib/gcc/arm-none-eabi/10.3.1/../../../../arm-none-eabi/lib/thumb/v6-m/nofp/crt0.o

.flash_begin    0x10000000        0x0
                0x10000000                __flash_binary_start = .

.boot2          0x10000000      0x100
                0x10000000                __boot2_start__ = .
 *(.boot2)
 .boot2         0x10000000      0x100 C:\Users\Vincent\AppData\Local\Temp\ccS2ejFi.o
                0x10000100                __boot2_end__ = .
                0x00000001                ASSERT (((__boot2_end__ - __boot2_start__) == 0x100), ERROR: Pico second stage bootloader must be 256 bytes in size)

.text           0x10000100     0x75d8
                0x10000100                __logical_binary_start = .
 *(.vectors)
 .vectors       0x10000100       0xd4 CMakeFiles/ProjectName.dir/C_/Users/Vincent/Documents/Pico/pico-sdk/src/rp2_common/pico_standard_link/crt0.S.obj
                0x10000100                __VECTOR_TABLE
                0x10000100                __vectors
                0x100001c0                isr_invalid
                0x100001c0                __default_isrs_start
                0x100001c2                isr_nmi
                0x100001c4                isr_hardfault
                0x100001c6                isr_svcall
                0x100001c8                isr_pendsv
                0x100001ca                isr_systick
                0x100001cc                isr_irq23
                0x100001cc                isr_irq18
                0x100001cc                isr_irq11
                0x100001cc                isr_irq28
                0x100001cc                isr_irq19
                0x100001cc                isr_irq0
                0x100001cc                isr_irq6
                0x100001cc                isr_irq5
                0x100001cc                isr_irq12
                0x100001cc                isr_irq22
                0x100001cc                isr_irq31
                0x100001cc                isr_irq17
                0x100001cc                isr_irq27
                0x100001cc                isr_irq30
                0x100001cc                isr_irq2
                0x100001cc                isr_irq10
                0x100001cc                isr_irq8
                0x100001cc                isr_irq24
                0x100001cc                isr_irq1
                0x100001cc                isr_irq7
                0x100001cc                isr_irq21
                0x100001cc                isr_irq20
                0x100001cc                isr_irq15
                0x100001cc                isr_irq25
                0x100001cc                isr_irq13
                0x100001cc                __unhandled_user_irq
                0x100001cc                isr_irq4
                0x100001cc                isr_irq16
                0x100001cc                isr_irq29
                0x100001cc                isr_irq26
                0x100001cc                __default_isrs_end
                0x100001cc                isr_irq3
                0x100001cc                isr_irq14
                0x100001cc                isr_irq9
                0x100001d2                unhandled_user_irq_num_in_r0
 *(.binary_info_header)
 .binary_info_header
                0x100001d4       0x14 CMakeFiles/ProjectName.dir/C_/Users/Vincent/Documents/Pico/pico-sdk/src/rp2_common/pico_standard_link/crt0.S.obj
                0x100001e8                __binary_info_header_end = .
 *(.reset)
 .reset         0x100001e8       0xa8 CMakeFiles/ProjectName.dir/C_/Users/Vincent/Documents/Pico/pico-sdk/src/rp2_common/pico_standard_link/crt0.S.obj
                0x100001e8                _entry_point
                0x10000266                __get_current_exception
 .reset         0x10000290       0x30 CMakeFiles/ProjectName.dir/C_/Users/Vincent/Documents/Pico/pico-sdk/src/rp2_common/pico_standard_link/binary_info.c.obj
 *(.init)
 .init          0x100002c0        0x4 c:/progra~2/gnuarm~1/102021~1.10/bin/../lib/gcc/arm-none-eabi/10.3.1/thumb/v6-m/nofp/crti.o
                0x100002c0                _init
 *(EXCLUDE_FILE(*libm.a: *libc.a:*lib_a-mem*.o *libgcc.a:) .text*)
 .text          0x100002c4       0x48 c:/progra~2/gnuarm~1/102021~1.10/bin/../lib/gcc/arm-none-eabi/10.3.1/thumb/v6-m/nofp/crtbegin.o
 .text._Z14alarm_callbacklPv
                0x1000030c        0x6 CMakeFiles/ProjectName.dir/ProjectName.cpp.obj
                0x1000030c                alarm_callback(long, void*)
 *fill*         0x10000312        0x2 
 .text.main     0x10000314      0x100 CMakeFiles/ProjectName.dir/ProjectName.cpp.obj
                0x10000314                main
 .text.gpio_set_function
                0x10000414       0x30 CMakeFiles/ProjectName.dir/C_/Users/Vincent/Documents/Pico/pico-sdk/src/rp2_common/hardware_gpio/gpio.c.obj
                0x10000414                gpio_set_function
 .text.gpio_set_pulls
                0x10000444       0x34 CMakeFiles/ProjectName.dir/C_/Users/Vincent/Documents/Pico/pico-sdk/src/rp2_common/hardware_gpio/gpio.c.obj
                0x10000444                gpio_set_pulls
 .text.hw_claim_lock
                0x10000478       0x18 CMakeFiles/ProjectName.dir/C_/Users/Vincent/Documents/Pico/pico-sdk/src/rp2_common/hardware_claim/claim.c.obj
                0x10000478                hw_claim_lock
 .text.hw_claim_unlock
                0x10000490       0x14 CMakeFiles/ProjectName.dir/C_/Users/Vincent/Documents/Pico/pico-sdk/src/rp2_common/hardware_claim/claim.c.obj
                0x10000490                hw_claim_unlock
 .text.hw_claim_or_assert
                0x100004a4       0x32 CMakeFiles/ProjectName.dir/C_/Users/Vincent/Documents/Pico/pico-sdk/src/rp2_common/hardware_claim/claim.c.obj
                0x100004a4                hw_claim_or_assert
 .text.hw_claim_unused_from_range
                0x100004d6       0x50 CMakeFiles/ProjectName.dir/C_/Users/Vincent/Documents/Pico/pico-sdk/src/rp2_common/hardware_claim/claim.c.obj
                0x100004d6                hw_claim_unused_from_range
 *fill*         0x10000526        0x2 
 .text.running_on_fpga
                0x10000528       0x14 CMakeFiles/ProjectName.dir/C_/Users/Vincent/Documents/Pico/pico-sdk/src/rp2_common/pico_platform/platform.c.obj
                0x10000528                running_on_fpga
 .text.spin_locks_reset
                0x1000053c       0x20 CMakeFiles/ProjectName.dir/C_/Users/Vincent/Documents/Pico/pico-sdk/src/rp2_common/hardware_sync/sync.c.obj
                0x1000053c                spin_locks_reset
 .text.next_striped_spin_lock_num
                0x1000055c       0x1c CMakeFiles/ProjectName.dir/C_/Users/Vincent/Documents/Pico/pico-sdk/src/rp2_common/hardware_sync/sync.c.obj
                0x1000055c                next_striped_spin_lock_num
 .text.spin_lock_claim_unused
                0x10000578       0x20 CMakeFiles/ProjectName.dir/C_/Users/Vincent/Documents/Pico/pico-sdk/src/rp2_common/hardware_sync/sync.c.obj
                0x10000578                spin_lock_claim_unused
 .text.set_raw_irq_handler_and_unlock
                0x10000598       0x28 CMakeFiles/ProjectName.dir/C_/Users/Vincent/Documents/Pico/pico-sdk/src/rp2_common/hardware_irq/irq.c.obj
 .text.make_branch
                0x100005c0       0x48 CMakeFiles/ProjectName.dir/C_/Users/Vincent/Documents/Pico/pico-sdk/src/rp2_common/hardware_irq/irq.c.obj
 .text.insert_branch_and_link
                0x10000608       0x40 CMakeFiles/ProjectName.dir/C_/Users/Vincent/Documents/Pico/pico-sdk/src/rp2_common/hardware_irq/irq.c.obj
 .text.irq_is_enabled
                0x10000648       0x18 CMakeFiles/ProjectName.dir/C_/Users/Vincent/Documents/Pico/pico-sdk/src/rp2_common/hardware_irq/irq.c.obj
                0x10000648                irq_is_enabled
 .text.irq_set_mask_enabled
                0x10000660       0x20 CMakeFiles/ProjectName.dir/C_/Users/Vincent/Documents/Pico/pico-sdk/src/rp2_common/hardware_irq/irq.c.obj
                0x10000660                irq_set_mask_enabled
 .text.irq_set_enabled
                0x10000680        0xe CMakeFiles/ProjectName.dir/C_/Users/Vincent/Documents/Pico/pico-sdk/src/rp2_common/hardware_irq/irq.c.obj
                0x10000680                irq_set_enabled
 *fill*         0x1000068e        0x2 
 .text.irq_set_pending
                0x10000690       0x10 CMakeFiles/ProjectName.dir/C_/Users/Vincent/Documents/Pico/pico-sdk/src/rp2_common/hardware_irq/irq.c.obj
                0x10000690                irq_set_pending
 .text.irq_get_vtable_handler
                0x100006a0       0x10 CMakeFiles/ProjectName.dir/C_/Users/Vincent/Documents/Pico/pico-sdk/src/rp2_common/hardware_irq/irq.c.obj
                0x100006a0                irq_get_vtable_handler
 .text.irq_has_shared_handler
                0x100006b0       0x24 CMakeFiles/ProjectName.dir/C_/Users/Vincent/Documents/Pico/pico-sdk/src/rp2_common/hardware_irq/irq.c.obj
                0x100006b0                irq_has_shared_handler
 .text.irq_set_exclusive_handler
                0x100006d4       0x54 CMakeFiles/ProjectName.dir/C_/Users/Vincent/Documents/Pico/pico-sdk/src/rp2_common/hardware_irq/irq.c.obj
                0x100006d4                irq_set_exclusive_handler
 .text.irq_add_shared_handler
                0x10000728      0x230 CMakeFiles/ProjectName.dir/C_/Users/Vincent/Documents/Pico/pico-sdk/src/rp2_common/hardware_irq/irq.c.obj
                0x10000728                irq_add_shared_handler
 .text.irq_remove_handler
                0x10000958      0x1a8 CMakeFiles/ProjectName.dir/C_/Users/Vincent/Documents/Pico/pico-sdk/src/rp2_common/hardware_irq/irq.c.obj
                0x10000958                irq_remove_handler
 .text.irq_add_tail_to_free_list
                0x10000b00       0xf0 CMakeFiles/ProjectName.dir/C_/Users/Vincent/Documents/Pico/pico-sdk/src/rp2_common/hardware_irq/irq.c.obj
                0x10000b00                irq_add_tail_to_free_list
 .text.irq_init_priorities
                0x10000bf0       0x1c CMakeFiles/ProjectName.dir/C_/Users/Vincent/Documents/Pico/pico-sdk/src/rp2_common/hardware_irq/irq.c.obj
                0x10000bf0                irq_init_priorities
 .text.user_irq_claim_unused
                0x10000c0c       0x30 CMakeFiles/ProjectName.dir/C_/Users/Vincent/Documents/Pico/pico-sdk/src/rp2_common/hardware_irq/irq.c.obj
                0x10000c0c                user_irq_claim_unused
 .text.lock_init
                0x10000c3c       0x10 CMakeFiles/ProjectName.dir/C_/Users/Vincent/Documents/Pico/pico-sdk/src/common/pico_sync/lock_core.c.obj
                0x10000c3c                lock_init
 .text.alarm_pool_post_alloc_init
                0x10000c4c       0x40 CMakeFiles/ProjectName.dir/C_/Users/Vincent/Documents/Pico/pico-sdk/src/common/pico_time/time.c.obj
 .text.sleep_until_callback
                0x10000c8c       0x30 CMakeFiles/ProjectName.dir/C_/Users/Vincent/Documents/Pico/pico-sdk/src/common/pico_time/time.c.obj
 .text.timer_pool_entry_comparator
                0x10000cbc       0x7c CMakeFiles/ProjectName.dir/C_/Users/Vincent/Documents/Pico/pico-sdk/src/common/pico_time/time.c.obj
                0x10000cbc                timer_pool_entry_comparator
 .text.ph_add_child_node
                0x10000d38       0xa4 CMakeFiles/ProjectName.dir/C_/Users/Vincent/Documents/Pico/pico-sdk/src/common/pico_time/time.c.obj
 .text.ph_merge_nodes
                0x10000ddc       0x3e CMakeFiles/ProjectName.dir/C_/Users/Vincent/Documents/Pico/pico-sdk/src/common/pico_time/time.c.obj
 *fill*         0x10000e1a        0x2 
 .text.add_alarm_under_lock
                0x10000e1c      0x174 CMakeFiles/ProjectName.dir/C_/Users/Vincent/Documents/Pico/pico-sdk/src/common/pico_time/time.c.obj
 .text.alarm_pool_alarm_callback
                0x10000f90      0x328 CMakeFiles/ProjectName.dir/C_/Users/Vincent/Documents/Pico/pico-sdk/src/common/pico_time/time.c.obj
 .text.alarm_pool_init_default
                0x100012b8       0x38 CMakeFiles/ProjectName.dir/C_/Users/Vincent/Documents/Pico/pico-sdk/src/common/pico_time/time.c.obj
                0x100012b8                alarm_pool_init_default
 .text.alarm_pool_get_default
                0x100012f0       0x2c CMakeFiles/ProjectName.dir/C_/Users/Vincent/Documents/Pico/pico-sdk/src/common/pico_time/time.c.obj
                0x100012f0                alarm_pool_get_default
 .text.alarm_pool_add_alarm_at
                0x1000131c      0x170 CMakeFiles/ProjectName.dir/C_/Users/Vincent/Documents/Pico/pico-sdk/src/common/pico_time/time.c.obj
                0x1000131c                alarm_pool_add_alarm_at
 .text.alarm_pool_cancel_alarm
                0x1000148c       0xf0 CMakeFiles/ProjectName.dir/C_/Users/Vincent/Documents/Pico/pico-sdk/src/common/pico_time/time.c.obj
                0x1000148c                alarm_pool_cancel_alarm
 .text.best_effort_wfe_or_timeout
                0x1000157c       0x80 CMakeFiles/ProjectName.dir/C_/Users/Vincent/Documents/Pico/pico-sdk/src/common/pico_time/time.c.obj
                0x1000157c                best_effort_wfe_or_timeout
 .text.hardware_alarm_irq_handler
                0x100015fc       0x8c CMakeFiles/ProjectName.dir/C_/Users/Vincent/Documents/Pico/pico-sdk/src/rp2_common/hardware_timer/timer.c.obj
 .text.hardware_alarm_claim
                0x10001688       0x18 CMakeFiles/ProjectName.dir/C_/Users/Vincent/Documents/Pico/pico-sdk/src/rp2_common/hardware_timer/timer.c.obj
                0x10001688                hardware_alarm_claim
 .text.time_us_64
                0x100016a0       0x18 CMakeFiles/ProjectName.dir/C_/Users/Vincent/Documents/Pico/pico-sdk/src/rp2_common/hardware_timer/timer.c.obj
                0x100016a0                time_us_64
 .text.hardware_alarm_set_callback
                0x100016b8       0x90 CMakeFiles/ProjectName.dir/C_/Users/Vincent/Documents/Pico/pico-sdk/src/rp2_common/hardware_timer/timer.c.obj
                0x100016b8                hardware_alarm_set_callback
 .text.hardware_alarm_set_target
                0x10001748       0xe8 CMakeFiles/ProjectName.dir/C_/Users/Vincent/Documents/Pico/pico-sdk/src/rp2_common/hardware_timer/timer.c.obj
                0x10001748                hardware_alarm_set_target
 .text.hardware_alarm_cancel
                0x10001830       0x40 CMakeFiles/ProjectName.dir/C_/Users/Vincent/Documents/Pico/pico-sdk/src/rp2_common/hardware_timer/timer.c.obj
                0x10001830                hardware_alarm_cancel
 .text.ph_add_child_node
                0x10001870       0xa4 CMakeFiles/ProjectName.dir/C_/Users/Vincent/Documents/Pico/pico-sdk/src/common/pico_util/pheap.c.obj
 .text.ph_merge_nodes
                0x10001914       0x3e CMakeFiles/ProjectName.dir/C_/Users/Vincent/Documents/Pico/pico-sdk/src/common/pico_util/pheap.c.obj
 *fill*         0x10001952        0x2 
 .text.ph_clear
                0x10001954       0x70 CMakeFiles/ProjectName.dir/C_/Users/Vincent/Documents/Pico/pico-sdk/src/common/pico_util/pheap.c.obj
                0x10001954                ph_clear
 .text.ph_post_alloc_init
                0x100019c4        0xe CMakeFiles/ProjectName.dir/C_/Users/Vincent/Documents/Pico/pico-sdk/src/common/pico_util/pheap.c.obj
                0x100019c4                ph_post_alloc_init
 *fill*         0x100019d2        0x2 
 .text.ph_merge_two_pass
                0x100019d4       0xa8 CMakeFiles/ProjectName.dir/C_/Users/Vincent/Documents/Pico/pico-sdk/src/common/pico_util/pheap.c.obj
                0x100019d4                ph_merge_two_pass
 .text.ph_remove_any_head
                0x10001a7c      0x108 CMakeFiles/ProjectName.dir/C_/Users/Vincent/Documents/Pico/pico-sdk/src/common/pico_util/pheap.c.obj
 .text.ph_remove_head
                0x10001b84       0x14 CMakeFiles/ProjectName.dir/C_/Users/Vincent/Documents/Pico/pico-sdk/src/common/pico_util/pheap.c.obj
                0x10001b84                ph_remove_head
 .text.ph_remove_and_free_node
                0x10001b98       0xf8 CMakeFiles/ProjectName.dir/C_/Users/Vincent/Documents/Pico/pico-sdk/src/common/pico_util/pheap.c.obj
                0x10001b98                ph_remove_and_free_node
 .text.mutex_init
                0x10001c90       0x1a CMakeFiles/ProjectName.dir/C_/Users/Vincent/Documents/Pico/pico-sdk/src/common/pico_sync/mutex.c.obj
                0x10001c90                mutex_init
 .text.recursive_mutex_init
                0x10001caa       0x1e CMakeFiles/ProjectName.dir/C_/Users/Vincent/Documents/Pico/pico-sdk/src/common/pico_sync/mutex.c.obj
                0x10001caa                recursive_mutex_init
 .text.critical_section_init_with_lock_num
                0x10001cc8       0x14 CMakeFiles/ProjectName.dir/C_/Users/Vincent/Documents/Pico/pico-sdk/src/common/pico_sync/critical_section.c.obj
                0x10001cc8                critical_section_init_with_lock_num
 .text.critical_section_init
                0x10001cdc       0x14 CMakeFiles/ProjectName.dir/C_/Users/Vincent/Documents/Pico/pico-sdk/src/common/pico_sync/critical_section.c.obj
                0x10001cdc                critical_section_init
 .text.uart_set_baudrate
                0x10001cf0       0x5c CMakeFiles/ProjectName.dir/C_/Users/Vincent/Documents/Pico/pico-sdk/src/rp2_common/hardware_uart/uart.c.obj
                0x10001cf0                uart_set_baudrate
 .text.uart_set_translate_crlf
                0x10001d4c       0x28 CMakeFiles/ProjectName.dir/C_/Users/Vincent/Documents/Pico/pico-sdk/src/rp2_common/hardware_uart/uart.c.obj
                0x10001d4c                uart_set_translate_crlf
 .text.uart_init
                0x10001d74       0x80 CMakeFiles/ProjectName.dir/C_/Users/Vincent/Documents/Pico/pico-sdk/src/rp2_common/hardware_uart/uart.c.obj
                0x10001d74                uart_init
 .text._exit    0x10001df4        0x4 CMakeFiles/ProjectName.dir/C_/Users/Vincent/Documents/Pico/pico-sdk/src/rp2_common/pico_runtime/runtime.c.obj
                0x10001df4                _exit
 .text.exit     0x10001df8        0x6 CMakeFiles/ProjectName.dir/C_/Users/Vincent/Documents/Pico/pico-sdk/src/rp2_common/pico_runtime/runtime.c.obj
                0x10001df8                exit
 *fill*         0x10001dfe        0x2 
 .text.__assert_func
                0x10001e00       0x3c CMakeFiles/ProjectName.dir/C_/Users/Vincent/Documents/Pico/pico-sdk/src/rp2_common/pico_runtime/runtime.c.obj
                0x10001e00                __assert_func
 .text.runtime_init
                0x10001e3c       0xf8 CMakeFiles/ProjectName.dir/C_/Users/Vincent/Documents/Pico/pico-sdk/src/rp2_common/pico_runtime/runtime.c.obj
                0x10001e3c                runtime_init
 .text.panic    0x10001f34       0x30 CMakeFiles/ProjectName.dir/C_/Users/Vincent/Documents/Pico/pico-sdk/src/rp2_common/pico_runtime/runtime.c.obj
                0x10001f34                panic
 .text.clock_configure
                0x10001f64      0x104 CMakeFiles/ProjectName.dir/C_/Users/Vincent/Documents/Pico/pico-sdk/src/rp2_common/hardware_clocks/clocks.c.obj
                0x10001f64                clock_configure
 .text.clocks_init
                0x10002068      0x100 CMakeFiles/ProjectName.dir/C_/Users/Vincent/Documents/Pico/pico-sdk/src/rp2_common/hardware_clocks/clocks.c.obj
                0x10002068                clocks_init
 .text.clock_get_hz
                0x10002168        0xc CMakeFiles/ProjectName.dir/C_/Users/Vincent/Documents/Pico/pico-sdk/src/rp2_common/hardware_clocks/clocks.c.obj
                0x10002168                clock_get_hz
 .text.pll_init
                0x10002174      0x140 CMakeFiles/ProjectName.dir/C_/Users/Vincent/Documents/Pico/pico-sdk/src/rp2_common/hardware_pll/pll.c.obj
                0x10002174                pll_init
 .text.watchdog_start_tick
                0x100022b4       0x10 CMakeFiles/ProjectName.dir/C_/Users/Vincent/Documents/Pico/pico-sdk/src/rp2_common/hardware_watchdog/watchdog.c.obj
                0x100022b4                watchdog_start_tick
 .text.watchdog_update
                0x100022c4       0x14 CMakeFiles/ProjectName.dir/C_/Users/Vincent/Documents/Pico/pico-sdk/src/rp2_common/hardware_watchdog/watchdog.c.obj
                0x100022c4                watchdog_update
 .text._watchdog_enable
                0x100022d8       0x78 CMakeFiles/ProjectName.dir/C_/Users/Vincent/Documents/Pico/pico-sdk/src/rp2_common/hardware_watchdog/watchdog.c.obj
                0x100022d8                _watchdog_enable
 .text.watchdog_reboot
                0x10002350       0x48 CMakeFiles/ProjectName.dir/C_/Users/Vincent/Documents/Pico/pico-sdk/src/rp2_common/hardware_watchdog/watchdog.c.obj
                0x10002350                watchdog_reboot
 .text.xosc_init
                0x10002398       0x28 CMakeFiles/ProjectName.dir/C_/Users/Vincent/Documents/Pico/pico-sdk/src/rp2_common/hardware_xosc/xosc.c.obj
                0x10002398                xosc_init
 .text._out_null
                0x100023c0        0x2 CMakeFiles/ProjectName.dir/C_/Users/Vincent/Documents/Pico/pico-sdk/src/rp2_common/pico_printf/printf.c.obj
 .text._out_fct
                0x100023c2        0xe CMakeFiles/ProjectName.dir/C_/Users/Vincent/Documents/Pico/pico-sdk/src/rp2_common/pico_printf/printf.c.obj
 .text._atoi    0x100023d0       0x24 CMakeFiles/ProjectName.dir/C_/Users/Vincent/Documents/Pico/pico-sdk/src/rp2_common/pico_printf/printf.c.obj
 .text._out_rev
                0x100023f4       0xae CMakeFiles/ProjectName.dir/C_/Users/Vincent/Documents/Pico/pico-sdk/src/rp2_common/pico_printf/printf.c.obj
 .text._ntoa_format
                0x100024a2      0x112 CMakeFiles/ProjectName.dir/C_/Users/Vincent/Documents/Pico/pico-sdk/src/rp2_common/pico_printf/printf.c.obj
 .text._ntoa_long
                0x100025b4       0xbc CMakeFiles/ProjectName.dir/C_/Users/Vincent/Documents/Pico/pico-sdk/src/rp2_common/pico_printf/printf.c.obj
 .text._ntoa_long_long
                0x10002670       0xe2 CMakeFiles/ProjectName.dir/C_/Users/Vincent/Documents/Pico/pico-sdk/src/rp2_common/pico_printf/printf.c.obj
 *fill*         0x10002752        0x2 
 .text._etoa    0x10002754      0x414 CMakeFiles/ProjectName.dir/C_/Users/Vincent/Documents/Pico/pico-sdk/src/rp2_common/pico_printf/printf.c.obj
 .text._ftoa    0x10002b68      0x354 CMakeFiles/ProjectName.dir/C_/Users/Vincent/Documents/Pico/pico-sdk/src/rp2_common/pico_printf/printf.c.obj
 .text._vsnprintf
                0x10002ebc      0x624 CMakeFiles/ProjectName.dir/C_/Users/Vincent/Documents/Pico/pico-sdk/src/rp2_common/pico_printf/printf.c.obj
 .text.vfctprintf
                0x100034e0       0x20 CMakeFiles/ProjectName.dir/C_/Users/Vincent/Documents/Pico/pico-sdk/src/rp2_common/pico_printf/printf.c.obj
                0x100034e0                vfctprintf
 .text          0x10003500       0x10 CMakeFiles/ProjectName.dir/C_/Users/Vincent/Documents/Pico/pico-sdk/src/rp2_common/pico_bit_ops/bit_ops_aeabi.S.obj
 .text.rom_func_lookup
                0x10003510       0x10 CMakeFiles/ProjectName.dir/C_/Users/Vincent/Documents/Pico/pico-sdk/src/rp2_common/pico_bootrom/bootrom.c.obj
                0x10003510                rom_func_lookup
 .text.rom_data_lookup
                0x10003520       0x10 CMakeFiles/ProjectName.dir/C_/Users/Vincent/Documents/Pico/pico-sdk/src/rp2_common/pico_bootrom/bootrom.c.obj
                0x10003520                rom_data_lookup
 .text.rom_funcs_lookup
                0x10003530       0x36 CMakeFiles/ProjectName.dir/C_/Users/Vincent/Documents/Pico/pico-sdk/src/rp2_common/pico_bootrom/bootrom.c.obj
                0x10003530                rom_funcs_lookup
 *fill*         0x10003566        0x2 
 .text.__wrap___aeabi_idiv
                0x10003568       0x50 CMakeFiles/ProjectName.dir/C_/Users/Vincent/Documents/Pico/pico-sdk/src/rp2_common/pico_divider/divider.S.obj
                0x10003568                __wrap___aeabi_idivmod
                0x10003568                divmod_s32s32
                0x10003568                div_s32s32
                0x10003568                __wrap___aeabi_idiv
                0x10003570                divmod_s32s32_unsafe
                0x1000359c                divmod_s32s32_savestate
 .text.__wrap___aeabi_uidiv
                0x100035b8       0x4c CMakeFiles/ProjectName.dir/C_/Users/Vincent/Documents/Pico/pico-sdk/src/rp2_common/pico_divider/divider.S.obj
                0x100035b8                __wrap___aeabi_uidiv
                0x100035b8                __wrap___aeabi_uidivmod
                0x100035b8                div_u32u32
                0x100035b8                divmod_u32u32
                0x100035c0                divmod_u32u32_unsafe
                0x100035e8                divmod_u32u32_savestate
 .text.__wrap___aeabi_ldiv
                0x10003604      0x434 CMakeFiles/ProjectName.dir/C_/Users/Vincent/Documents/Pico/pico-sdk/src/rp2_common/pico_divider/divider.S.obj
                0x10003604                div_s64s64
                0x10003604                divmod_s64s64
                0x10003604                __wrap___aeabi_ldivmod
                0x1000363c                divmod_u64u64
                0x1000363c                div_u64u64
                0x1000363c                __wrap___aeabi_uldivmod
                0x1000364c                divmod_u64u64_savestate
                0x10003674                divmod_s64s64_unsafe
                0x100036fc                divmod_u64u64_unsafe
 .text.__wrap___aeabi_darithmetic
                0x10003a38       0x80 CMakeFiles/ProjectName.dir/C_/Users/Vincent/Documents/Pico/pico-sdk/src/rp2_common/pico_double/double_aeabi.S.obj
                0x10003a38                __wrap___aeabi_drsub
                0x10003a3e                __wrap___aeabi_dsub
                0x10003a50                __wrap___aeabi_dadd
                0x10003a62                __wrap___aeabi_ddiv
                0x10003a9e                __wrap___aeabi_dmul
 .text.__wrap___aeabi_cdcmple
                0x10003ab8       0x6c CMakeFiles/ProjectName.dir/C_/Users/Vincent/Documents/Pico/pico-sdk/src/rp2_common/pico_double/double_aeabi.S.obj
                0x10003ab8                __wrap___aeabi_cdrcmple
                0x10003ac8                __wrap___aeabi_cdcmpeq
                0x10003ac8                __wrap___aeabi_cdcmple
 .text.__wrap___aeabi_dcmplt
                0x10003b24        0xc CMakeFiles/ProjectName.dir/C_/Users/Vincent/Documents/Pico/pico-sdk/src/rp2_common/pico_double/double_aeabi.S.obj
                0x10003b24                __wrap___aeabi_dcmplt
 .text.__wrap___aeabi_dcmple
                0x10003b30       0x10 CMakeFiles/ProjectName.dir/C_/Users/Vincent/Documents/Pico/pico-sdk/src/rp2_common/pico_double/double_aeabi.S.obj
                0x10003b30                __wrap___aeabi_dcmple
 .text.__wrap___aeabi_dcmpge
                0x10003b40       0x10 CMakeFiles/ProjectName.dir/C_/Users/Vincent/Documents/Pico/pico-sdk/src/rp2_common/pico_double/double_aeabi.S.obj
                0x10003b40                __wrap___aeabi_dcmpge
 .text.__wrap___aeabi_dcmpgt
                0x10003b50        0xa CMakeFiles/ProjectName.dir/C_/Users/Vincent/Documents/Pico/pico-sdk/src/rp2_common/pico_double/double_aeabi.S.obj
                0x10003b50                __wrap___aeabi_dcmpgt
 .text.__wrap___aeabi_dcmpun
                0x10003b5a       0x1c CMakeFiles/ProjectName.dir/C_/Users/Vincent/Documents/Pico/pico-sdk/src/rp2_common/pico_double/double_aeabi.S.obj
                0x10003b5a                __wrap___aeabi_dcmpun
 *fill*         0x10003b76        0x2 
 .text.__wrap___aeabi_i2d
                0x10003b78       0x38 CMakeFiles/ProjectName.dir/C_/Users/Vincent/Documents/Pico/pico-sdk/src/rp2_common/pico_double/double_aeabi.S.obj
                0x10003b78                __wrap___aeabi_ui2d
                0x10003b80                __wrap___aeabi_i2d
 .text.__wrap___aeabi_d2iz
                0x10003bb0       0x48 CMakeFiles/ProjectName.dir/C_/Users/Vincent/Documents/Pico/pico-sdk/src/rp2_common/pico_double/double_aeabi.S.obj
                0x10003bb0                double2int_z
                0x10003bb0                __wrap___aeabi_d2iz
 .text.__wrap___aeabi_d2uiz
                0x10003bf8       0x18 CMakeFiles/ProjectName.dir/C_/Users/Vincent/Documents/Pico/pico-sdk/src/rp2_common/pico_double/double_aeabi.S.obj
                0x10003bf8                __wrap___aeabi_d2uiz
                0x10003bf8                double2uint
 .text.__aeabi_double_init
                0x10003c10       0xc8 CMakeFiles/ProjectName.dir/C_/Users/Vincent/Documents/Pico/pico-sdk/src/rp2_common/pico_double/double_init_rom.c.obj
                0x10003c10                __aeabi_double_init
 .text.double_table_shim_on_use_helper
                0x10003cd8       0x34 CMakeFiles/ProjectName.dir/C_/Users/Vincent/Documents/Pico/pico-sdk/src/rp2_common/pico_double/double_v1_rom_shim.S.obj
                0x10003cd8                double_table_shim_on_use_helper
 .text.__wrap___aeabi_dsub
                0x10003d0c       0x10 CMakeFiles/ProjectName.dir/C_/Users/Vincent/Documents/Pico/pico-sdk/src/rp2_common/pico_double/double_v1_rom_shim.S.obj
                0x10003d0c                drsub_shim
                0x10003d12                dsub_shim
 .text.dadd_shim
                0x10003d1c      0x15c CMakeFiles/ProjectName.dir/C_/Users/Vincent/Documents/Pico/pico-sdk/src/rp2_common/pico_double/double_v1_rom_shim.S.obj
                0x10003d1c                dadd_shim
 .text.dmul_shim
                0x10003e78      0x15c CMakeFiles/ProjectName.dir/C_/Users/Vincent/Documents/Pico/pico-sdk/src/rp2_common/pico_double/double_v1_rom_shim.S.obj
                0x10003e78                dmul_shim
 .text.ddiv_shim
                0x10003fd4      0x1b0 CMakeFiles/ProjectName.dir/C_/Users/Vincent/Documents/Pico/pico-sdk/src/rp2_common/pico_double/double_v1_rom_shim.S.obj
                0x10003fd4                ddiv_shim
 .text.double2uint_shim
                0x10004184        0xe CMakeFiles/ProjectName.dir/C_/Users/Vincent/Documents/Pico/pico-sdk/src/rp2_common/pico_double/double_v1_rom_shim.S.obj
                0x10004184                double2uint_shim
                0x10004186                double2ufix_shim
 *fill*         0x10004192        0x2 
 .text.double2uint64_shim
                0x10004194       0x70 CMakeFiles/ProjectName.dir/C_/Users/Vincent/Documents/Pico/pico-sdk/src/rp2_common/pico_double/double_v1_rom_shim.S.obj
                0x10004194                double2uint64_shim
                0x10004196                double2ufix64_shim
                0x100041b6                d2fix_a
 .text.dunpacks
                0x10004204       0x3c CMakeFiles/ProjectName.dir/C_/Users/Vincent/Documents/Pico/pico-sdk/src/rp2_common/pico_double/double_v1_rom_shim.S.obj
                0x10004204                dunpacks
 .text.__aeabi_lmul
                0x10004240       0x32 CMakeFiles/ProjectName.dir/C_/Users/Vincent/Documents/Pico/pico-sdk/src/rp2_common/pico_int64_ops/pico_int64_ops_aeabi.S.obj
                0x10004240                __wrap___aeabi_lmul
 *fill*         0x10004272        0x2 
 .text.__aeabi_float_init
                0x10004274       0xfc CMakeFiles/ProjectName.dir/C_/Users/Vincent/Documents/Pico/pico-sdk/src/rp2_common/pico_float/float_init_rom.c.obj
                0x10004274                __aeabi_float_init
 .text.float_table_shim_on_use_helper
                0x10004370       0x34 CMakeFiles/ProjectName.dir/C_/Users/Vincent/Documents/Pico/pico-sdk/src/rp2_common/pico_float/float_v1_rom_shim.S.obj
                0x10004370                float_table_shim_on_use_helper
 .text          0x100043a4       0x10 CMakeFiles/ProjectName.dir/C_/Users/Vincent/Documents/Pico/pico-sdk/src/rp2_common/pico_mem_ops/mem_ops_aeabi.S.obj
                0x100043a4                __aeabi_mem_init
 .text.memset   0x100043b4        0xc CMakeFiles/ProjectName.dir/C_/Users/Vincent/Documents/Pico/pico-sdk/src/rp2_common/pico_mem_ops/mem_ops_aeabi.S.obj
                0x100043b4                __wrap_memset
 .text.memcpy   0x100043c0        0xc CMakeFiles/ProjectName.dir/C_/Users/Vincent/Documents/Pico/pico-sdk/src/rp2_common/pico_mem_ops/mem_ops_aeabi.S.obj
                0x100043c0                __wrap_memcpy
                0x100043c0                __wrap___aeabi_memcpy
 .text.stdio_out_chars_no_crlf
                0x100043cc        0xe CMakeFiles/ProjectName.dir/C_/Users/Vincent/Documents/Pico/pico-sdk/src/rp2_common/pico_stdio/stdio.c.obj
 *fill*         0x100043da        0x2 
 .text.stdio_out_chars_crlf
                0x100043dc       0x80 CMakeFiles/ProjectName.dir/C_/Users/Vincent/Documents/Pico/pico-sdk/src/rp2_common/pico_stdio/stdio.c.obj
 .text.stdio_stack_buffer_flush
                0x1000445c       0x44 CMakeFiles/ProjectName.dir/C_/Users/Vincent/Documents/Pico/pico-sdk/src/rp2_common/pico_stdio/stdio.c.obj
 .text.stdio_buffered_printer
                0x100044a0       0x20 CMakeFiles/ProjectName.dir/C_/Users/Vincent/Documents/Pico/pico-sdk/src/rp2_common/pico_stdio/stdio.c.obj
 .text.stdout_serialize_begin
                0x100044c0       0x30 CMakeFiles/ProjectName.dir/C_/Users/Vincent/Documents/Pico/pico-sdk/src/rp2_common/pico_stdio/stdio.c.obj
                0x100044c0                stdout_serialize_begin
 .text.stdout_serialize_end
                0x100044f0       0x10 CMakeFiles/ProjectName.dir/C_/Users/Vincent/Documents/Pico/pico-sdk/src/rp2_common/pico_stdio/stdio.c.obj
                0x100044f0                stdout_serialize_end
 .text.stdio_put_string
                0x10004500       0x98 CMakeFiles/ProjectName.dir/C_/Users/Vincent/Documents/Pico/pico-sdk/src/rp2_common/pico_stdio/stdio.c.obj
 .text.stdio_set_driver_enabled
                0x10004598       0x2c CMakeFiles/ProjectName.dir/C_/Users/Vincent/Documents/Pico/pico-sdk/src/rp2_common/pico_stdio/stdio.c.obj
                0x10004598                stdio_set_driver_enabled
 .text.stdio_flush
                0x100045c4       0x20 CMakeFiles/ProjectName.dir/C_/Users/Vincent/Documents/Pico/pico-sdk/src/rp2_common/pico_stdio/stdio.c.obj
                0x100045c4                stdio_flush
 .text.__wrap_puts
                0x100045e4       0x1e CMakeFiles/ProjectName.dir/C_/Users/Vincent/Documents/Pico/pico-sdk/src/rp2_common/pico_stdio/stdio.c.obj
                0x100045e4                __wrap_puts
 *fill*         0x10004602        0x2 
 .text.__wrap_vprintf
                0x10004604       0x44 CMakeFiles/ProjectName.dir/C_/Users/Vincent/Documents/Pico/pico-sdk/src/rp2_common/pico_stdio/stdio.c.obj
                0x10004604                __wrap_vprintf
 .text.__wrap_printf
                0x10004648       0x18 CMakeFiles/ProjectName.dir/C_/Users/Vincent/Documents/Pico/pico-sdk/src/rp2_common/pico_stdio/stdio.c.obj
                0x10004648                __wrap_printf
 .text.stdio_init_all
                0x10004660        0xc CMakeFiles/ProjectName.dir/C_/Users/Vincent/Documents/Pico/pico-sdk/src/rp2_common/pico_stdio/stdio.c.obj
                0x10004660                stdio_init_all
 .text.stdio_uart_out_chars
                0x1000466c       0x74 CMakeFiles/ProjectName.dir/C_/Users/Vincent/Documents/Pico/pico-sdk/src/rp2_common/pico_stdio_uart/stdio_uart.c.obj
 .text.stdio_uart_in_chars
                0x100046e0       0x58 CMakeFiles/ProjectName.dir/C_/Users/Vincent/Documents/Pico/pico-sdk/src/rp2_common/pico_stdio_uart/stdio_uart.c.obj
                0x100046e0                stdio_uart_in_chars
 .text.stdio_uart_init_full
                0x10004738       0x3c CMakeFiles/ProjectName.dir/C_/Users/Vincent/Documents/Pico/pico-sdk/src/rp2_common/pico_stdio_uart/stdio_uart.c.obj
                0x10004738                stdio_uart_init_full
 .text.stdio_uart_init
                0x10004774       0x28 CMakeFiles/ProjectName.dir/C_/Users/Vincent/Documents/Pico/pico-sdk/src/rp2_common/pico_stdio_uart/stdio_uart.c.obj
                0x10004774                stdio_uart_init
 .text.resetd_init
                0x1000479c        0x2 CMakeFiles/ProjectName.dir/C_/Users/Vincent/Documents/Pico/pico-sdk/src/rp2_common/pico_stdio_usb/reset_interface.c.obj
 *fill*         0x1000479e        0x2 
 .text.resetd_reset
                0x100047a0        0xc CMakeFiles/ProjectName.dir/C_/Users/Vincent/Documents/Pico/pico-sdk/src/rp2_common/pico_stdio_usb/reset_interface.c.obj
 .text.resetd_open
                0x100047ac       0x34 CMakeFiles/ProjectName.dir/C_/Users/Vincent/Documents/Pico/pico-sdk/src/rp2_common/pico_stdio_usb/reset_interface.c.obj
 .text.resetd_xfer_cb
                0x100047e0        0x4 CMakeFiles/ProjectName.dir/C_/Users/Vincent/Documents/Pico/pico-sdk/src/rp2_common/pico_stdio_usb/reset_interface.c.obj
 .text.reset_usb_boot
                0x100047e4       0x18 CMakeFiles/ProjectName.dir/C_/Users/Vincent/Documents/Pico/pico-sdk/src/rp2_common/pico_stdio_usb/reset_interface.c.obj
 .text.resetd_control_xfer_cb
                0x100047fc       0x5c CMakeFiles/ProjectName.dir/C_/Users/Vincent/Documents/Pico/pico-sdk/src/rp2_common/pico_stdio_usb/reset_interface.c.obj
 .text.usbd_app_driver_get_cb
                0x10004858        0xc CMakeFiles/ProjectName.dir/C_/Users/Vincent/Documents/Pico/pico-sdk/src/rp2_common/pico_stdio_usb/reset_interface.c.obj
                0x10004858                usbd_app_driver_get_cb
 .text.tud_cdc_line_coding_cb
                0x10004864       0x28 CMakeFiles/ProjectName.dir/C_/Users/Vincent/Documents/Pico/pico-sdk/src/rp2_common/pico_stdio_usb/reset_interface.c.obj
                0x10004864                tud_cdc_line_coding_cb
 .text.stdio_usb_in_chars
                0x1000488c       0x70 CMakeFiles/ProjectName.dir/C_/Users/Vincent/Documents/Pico/pico-sdk/src/rp2_common/pico_stdio_usb/stdio_usb.c.obj
                0x1000488c                stdio_usb_in_chars
 .text.low_priority_worker_irq
                0x100048fc       0x20 CMakeFiles/ProjectName.dir/C_/Users/Vincent/Documents/Pico/pico-sdk/src/rp2_common/pico_stdio_usb/stdio_usb.c.obj
 .text.stdio_usb_out_chars
                0x1000491c       0xd4 CMakeFiles/ProjectName.dir/C_/Users/Vincent/Documents/Pico/pico-sdk/src/rp2_common/pico_stdio_usb/stdio_usb.c.obj
 .text.timer_task
                0x100049f0       0x40 CMakeFiles/ProjectName.dir/C_/Users/Vincent/Documents/Pico/pico-sdk/src/rp2_common/pico_stdio_usb/stdio_usb.c.obj
 .text.usb_irq  0x10004a30       0x10 CMakeFiles/ProjectName.dir/C_/Users/Vincent/Documents/Pico/pico-sdk/src/rp2_common/pico_stdio_usb/stdio_usb.c.obj
 .text.stdio_usb_init
                0x10004a40       0xec CMakeFiles/ProjectName.dir/C_/Users/Vincent/Documents/Pico/pico-sdk/src/rp2_common/pico_stdio_usb/stdio_usb.c.obj
                0x10004a40                stdio_usb_init
 .text.tud_descriptor_device_cb
                0x10004b2c        0x8 CMakeFiles/ProjectName.dir/C_/Users/Vincent/Documents/Pico/pico-sdk/src/rp2_common/pico_stdio_usb/stdio_usb_descriptors.c.obj
                0x10004b2c                tud_descriptor_device_cb
 .text.tud_descriptor_configuration_cb
                0x10004b34        0x8 CMakeFiles/ProjectName.dir/C_/Users/Vincent/Documents/Pico/pico-sdk/src/rp2_common/pico_stdio_usb/stdio_usb_descriptors.c.obj
                0x10004b34                tud_descriptor_configuration_cb
 .text.tud_descriptor_string_cb
                0x10004b3c       0x6c CMakeFiles/ProjectName.dir/C_/Users/Vincent/Documents/Pico/pico-sdk/src/rp2_common/pico_stdio_usb/stdio_usb_descriptors.c.obj
                0x10004b3c                tud_descriptor_string_cb
 .text.hw_endpoint_get_by_addr
                0x10004ba8       0x18 CMakeFiles/ProjectName.dir/C_/Users/Vincent/Documents/Pico/pico-sdk/lib/tinyusb/src/portable/raspberrypi/rp2040/dcd_rp2040.c.obj
 .text.reset_ep0_pid
                0x10004bc0       0x28 CMakeFiles/ProjectName.dir/C_/Users/Vincent/Documents/Pico/pico-sdk/lib/tinyusb/src/portable/raspberrypi/rp2040/dcd_rp2040.c.obj
 .text._hw_endpoint_alloc
                0x10004be8       0x70 CMakeFiles/ProjectName.dir/C_/Users/Vincent/Documents/Pico/pico-sdk/lib/tinyusb/src/portable/raspberrypi/rp2040/dcd_rp2040.c.obj
 .text.hw_endpoint_init
                0x10004c58       0x88 CMakeFiles/ProjectName.dir/C_/Users/Vincent/Documents/Pico/pico-sdk/lib/tinyusb/src/portable/raspberrypi/rp2040/dcd_rp2040.c.obj
 .text.reset_non_control_endpoints
                0x10004ce0       0x40 CMakeFiles/ProjectName.dir/C_/Users/Vincent/Documents/Pico/pico-sdk/lib/tinyusb/src/portable/raspberrypi/rp2040/dcd_rp2040.c.obj
 .text.hw_handle_buff_status
                0x10004d20       0x8c CMakeFiles/ProjectName.dir/C_/Users/Vincent/Documents/Pico/pico-sdk/lib/tinyusb/src/portable/raspberrypi/rp2040/dcd_rp2040.c.obj
 .text.dcd_rp2040_irq
                0x10004dac       0xc0 CMakeFiles/ProjectName.dir/C_/Users/Vincent/Documents/Pico/pico-sdk/lib/tinyusb/src/portable/raspberrypi/rp2040/dcd_rp2040.c.obj
 .text.hw_endpoint_xfer
                0x10004e6c       0x14 CMakeFiles/ProjectName.dir/C_/Users/Vincent/Documents/Pico/pico-sdk/lib/tinyusb/src/portable/raspberrypi/rp2040/dcd_rp2040.c.obj
 .text.dcd_int_enable
                0x10004e80       0x2c CMakeFiles/ProjectName.dir/C_/Users/Vincent/Documents/Pico/pico-sdk/lib/tinyusb/src/portable/raspberrypi/rp2040/dcd_rp2040.c.obj
                0x10004e80                dcd_int_enable
 .text.dcd_set_address
                0x10004eac       0x2c CMakeFiles/ProjectName.dir/C_/Users/Vincent/Documents/Pico/pico-sdk/lib/tinyusb/src/portable/raspberrypi/rp2040/dcd_rp2040.c.obj
                0x10004eac                dcd_set_address
 .text.dcd_connect
                0x10004ed8       0x10 CMakeFiles/ProjectName.dir/C_/Users/Vincent/Documents/Pico/pico-sdk/lib/tinyusb/src/portable/raspberrypi/rp2040/dcd_rp2040.c.obj
                0x10004ed8                dcd_connect
 .text.dcd_init
                0x10004ee8       0x7c CMakeFiles/ProjectName.dir/C_/Users/Vincent/Documents/Pico/pico-sdk/lib/tinyusb/src/portable/raspberrypi/rp2040/dcd_rp2040.c.obj
                0x10004ee8                dcd_init
 .text.dcd_edpt0_status_complete
                0x10004f64       0x1c CMakeFiles/ProjectName.dir/C_/Users/Vincent/Documents/Pico/pico-sdk/lib/tinyusb/src/portable/raspberrypi/rp2040/dcd_rp2040.c.obj
                0x10004f64                dcd_edpt0_status_complete
 .text.dcd_edpt_open
                0x10004f80       0x40 CMakeFiles/ProjectName.dir/C_/Users/Vincent/Documents/Pico/pico-sdk/lib/tinyusb/src/portable/raspberrypi/rp2040/dcd_rp2040.c.obj
                0x10004f80                dcd_edpt_open
 .text.dcd_edpt_close_all
                0x10004fc0        0x8 CMakeFiles/ProjectName.dir/C_/Users/Vincent/Documents/Pico/pico-sdk/lib/tinyusb/src/portable/raspberrypi/rp2040/dcd_rp2040.c.obj
                0x10004fc0                dcd_edpt_close_all
 .text.dcd_edpt_xfer
                0x10004fc8       0x30 CMakeFiles/ProjectName.dir/C_/Users/Vincent/Documents/Pico/pico-sdk/lib/tinyusb/src/portable/raspberrypi/rp2040/dcd_rp2040.c.obj
                0x10004fc8                dcd_edpt_xfer
 .text.dcd_edpt_stall
                0x10004ff8       0x2c CMakeFiles/ProjectName.dir/C_/Users/Vincent/Documents/Pico/pico-sdk/lib/tinyusb/src/portable/raspberrypi/rp2040/dcd_rp2040.c.obj
                0x10004ff8                dcd_edpt_stall
 .text.dcd_edpt_clear_stall
                0x10005024       0x20 CMakeFiles/ProjectName.dir/C_/Users/Vincent/Documents/Pico/pico-sdk/lib/tinyusb/src/portable/raspberrypi/rp2040/dcd_rp2040.c.obj
                0x10005024                dcd_edpt_clear_stall
 .text.prepare_ep_buffer
                0x10005044       0x70 CMakeFiles/ProjectName.dir/C_/Users/Vincent/Documents/Pico/pico-sdk/lib/tinyusb/src/portable/raspberrypi/rp2040/rp2040_usb.c.obj
 .text.sync_ep_buffer
                0x100050b4       0x7c CMakeFiles/ProjectName.dir/C_/Users/Vincent/Documents/Pico/pico-sdk/lib/tinyusb/src/portable/raspberrypi/rp2040/rp2040_usb.c.obj
 .text._hw_endpoint_xfer_sync
                0x10005130       0x28 CMakeFiles/ProjectName.dir/C_/Users/Vincent/Documents/Pico/pico-sdk/lib/tinyusb/src/portable/raspberrypi/rp2040/rp2040_usb.c.obj
 .text.rp2040_usb_init
                0x10005158       0x4c CMakeFiles/ProjectName.dir/C_/Users/Vincent/Documents/Pico/pico-sdk/lib/tinyusb/src/portable/raspberrypi/rp2040/rp2040_usb.c.obj
                0x10005158                rp2040_usb_init
 .text.hw_endpoint_reset_transfer
                0x100051a4        0xc CMakeFiles/ProjectName.dir/C_/Users/Vincent/Documents/Pico/pico-sdk/lib/tinyusb/src/portable/raspberrypi/rp2040/rp2040_usb.c.obj
                0x100051a4                hw_endpoint_reset_transfer
 .text._hw_endpoint_buffer_control_update32
                0x100051b0       0x58 CMakeFiles/ProjectName.dir/C_/Users/Vincent/Documents/Pico/pico-sdk/lib/tinyusb/src/portable/raspberrypi/rp2040/rp2040_usb.c.obj
                0x100051b0                _hw_endpoint_buffer_control_update32
 .text._hw_endpoint_start_next_buffer
                0x10005208       0x74 CMakeFiles/ProjectName.dir/C_/Users/Vincent/Documents/Pico/pico-sdk/lib/tinyusb/src/portable/raspberrypi/rp2040/rp2040_usb.c.obj
 .text.hw_endpoint_xfer_start
                0x1000527c       0x48 CMakeFiles/ProjectName.dir/C_/Users/Vincent/Documents/Pico/pico-sdk/lib/tinyusb/src/portable/raspberrypi/rp2040/rp2040_usb.c.obj
                0x1000527c                hw_endpoint_xfer_start
 .text.hw_endpoint_xfer_continue
                0x100052c4       0x38 CMakeFiles/ProjectName.dir/C_/Users/Vincent/Documents/Pico/pico-sdk/lib/tinyusb/src/portable/raspberrypi/rp2040/rp2040_usb.c.obj
                0x100052c4                hw_endpoint_xfer_continue
 .text.configuration_reset
                0x100052fc       0x84 CMakeFiles/ProjectName.dir/C_/Users/Vincent/Documents/Pico/pico-sdk/lib/tinyusb/src/device/usbd.c.obj
 .text.usbd_reset
                0x10005380        0xc CMakeFiles/ProjectName.dir/C_/Users/Vincent/Documents/Pico/pico-sdk/lib/tinyusb/src/device/usbd.c.obj
 .text.invoke_class_control
                0x1000538c       0x1a CMakeFiles/ProjectName.dir/C_/Users/Vincent/Documents/Pico/pico-sdk/lib/tinyusb/src/device/usbd.c.obj
 *fill*         0x100053a6        0x2 
 .text.process_set_config
                0x100053a8      0x1b0 CMakeFiles/ProjectName.dir/C_/Users/Vincent/Documents/Pico/pico-sdk/lib/tinyusb/src/device/usbd.c.obj
 .text.process_get_descriptor
                0x10005558       0xec CMakeFiles/ProjectName.dir/C_/Users/Vincent/Documents/Pico/pico-sdk/lib/tinyusb/src/device/usbd.c.obj
 .text.tud_mounted
                0x10005644       0x10 CMakeFiles/ProjectName.dir/C_/Users/Vincent/Documents/Pico/pico-sdk/lib/tinyusb/src/device/usbd.c.obj
                0x10005644                tud_mounted
 .text.tud_suspended
                0x10005654       0x10 CMakeFiles/ProjectName.dir/C_/Users/Vincent/Documents/Pico/pico-sdk/lib/tinyusb/src/device/usbd.c.obj
                0x10005654                tud_suspended
 .text.tud_inited
                0x10005664        0xc CMakeFiles/ProjectName.dir/C_/Users/Vincent/Documents/Pico/pico-sdk/lib/tinyusb/src/device/usbd.c.obj
                0x10005664                tud_inited
 .text.tud_init
                0x10005670       0xcc CMakeFiles/ProjectName.dir/C_/Users/Vincent/Documents/Pico/pico-sdk/lib/tinyusb/src/device/usbd.c.obj
                0x10005670                tud_init
 .text.dcd_event_handler
                0x1000573c      0x1e0 CMakeFiles/ProjectName.dir/C_/Users/Vincent/Documents/Pico/pico-sdk/lib/tinyusb/src/device/usbd.c.obj
                0x1000573c                dcd_event_handler
 .text.dcd_event_bus_signal
                0x1000591c       0x26 CMakeFiles/ProjectName.dir/C_/Users/Vincent/Documents/Pico/pico-sdk/lib/tinyusb/src/device/usbd.c.obj
                0x1000591c                dcd_event_bus_signal
 .text.dcd_event_bus_reset
                0x10005942       0x2a CMakeFiles/ProjectName.dir/C_/Users/Vincent/Documents/Pico/pico-sdk/lib/tinyusb/src/device/usbd.c.obj
                0x10005942                dcd_event_bus_reset
 .text.dcd_event_setup_received
                0x1000596c       0x34 CMakeFiles/ProjectName.dir/C_/Users/Vincent/Documents/Pico/pico-sdk/lib/tinyusb/src/device/usbd.c.obj
                0x1000596c                dcd_event_setup_received
 .text.dcd_event_xfer_complete
                0x100059a0       0x44 CMakeFiles/ProjectName.dir/C_/Users/Vincent/Documents/Pico/pico-sdk/lib/tinyusb/src/device/usbd.c.obj
                0x100059a0                dcd_event_xfer_complete
 .text.usbd_edpt_open
                0x100059e4       0x58 CMakeFiles/ProjectName.dir/C_/Users/Vincent/Documents/Pico/pico-sdk/lib/tinyusb/src/device/usbd.c.obj
                0x100059e4                usbd_edpt_open
 .text.usbd_open_edpt_pair
                0x10005a3c       0x8c CMakeFiles/ProjectName.dir/C_/Users/Vincent/Documents/Pico/pico-sdk/lib/tinyusb/src/device/usbd.c.obj
                0x10005a3c                usbd_open_edpt_pair
 .text.usbd_edpt_claim
                0x10005ac8       0x8c CMakeFiles/ProjectName.dir/C_/Users/Vincent/Documents/Pico/pico-sdk/lib/tinyusb/src/device/usbd.c.obj
                0x10005ac8                usbd_edpt_claim
 .text.usbd_edpt_release
                0x10005b54       0x68 CMakeFiles/ProjectName.dir/C_/Users/Vincent/Documents/Pico/pico-sdk/lib/tinyusb/src/device/usbd.c.obj
                0x10005b54                usbd_edpt_release
 .text.usbd_edpt_xfer
                0x10005bbc       0x80 CMakeFiles/ProjectName.dir/C_/Users/Vincent/Documents/Pico/pico-sdk/lib/tinyusb/src/device/usbd.c.obj
                0x10005bbc                usbd_edpt_xfer
 .text.usbd_edpt_stall
                0x10005c3c       0x40 CMakeFiles/ProjectName.dir/C_/Users/Vincent/Documents/Pico/pico-sdk/lib/tinyusb/src/device/usbd.c.obj
                0x10005c3c                usbd_edpt_stall
 .text.usbd_edpt_clear_stall
                0x10005c7c       0x40 CMakeFiles/ProjectName.dir/C_/Users/Vincent/Documents/Pico/pico-sdk/lib/tinyusb/src/device/usbd.c.obj
                0x10005c7c                usbd_edpt_clear_stall
 .text.usbd_edpt_stalled
                0x10005cbc       0x1c CMakeFiles/ProjectName.dir/C_/Users/Vincent/Documents/Pico/pico-sdk/lib/tinyusb/src/device/usbd.c.obj
                0x10005cbc                usbd_edpt_stalled
 .text.process_control_request
                0x10005cd8      0x3b8 CMakeFiles/ProjectName.dir/C_/Users/Vincent/Documents/Pico/pico-sdk/lib/tinyusb/src/device/usbd.c.obj
 .text.tud_task
                0x10006090      0x218 CMakeFiles/ProjectName.dir/C_/Users/Vincent/Documents/Pico/pico-sdk/lib/tinyusb/src/device/usbd.c.obj
                0x10006090                tud_task
 .text._data_stage_xact
                0x100062a8       0x58 CMakeFiles/ProjectName.dir/C_/Users/Vincent/Documents/Pico/pico-sdk/lib/tinyusb/src/device/usbd_control.c.obj
 .text.tud_control_status
                0x10006300       0x38 CMakeFiles/ProjectName.dir/C_/Users/Vincent/Documents/Pico/pico-sdk/lib/tinyusb/src/device/usbd_control.c.obj
                0x10006300                tud_control_status
 .text.tud_control_xfer
                0x10006338       0xa8 CMakeFiles/ProjectName.dir/C_/Users/Vincent/Documents/Pico/pico-sdk/lib/tinyusb/src/device/usbd_control.c.obj
                0x10006338                tud_control_xfer
 .text.usbd_control_reset
                0x100063e0       0x14 CMakeFiles/ProjectName.dir/C_/Users/Vincent/Documents/Pico/pico-sdk/lib/tinyusb/src/device/usbd_control.c.obj
                0x100063e0                usbd_control_reset
 .text.usbd_control_set_complete_callback
                0x100063f4        0xc CMakeFiles/ProjectName.dir/C_/Users/Vincent/Documents/Pico/pico-sdk/lib/tinyusb/src/device/usbd_control.c.obj
                0x100063f4                usbd_control_set_complete_callback
 .text.usbd_control_set_request
                0x10006400       0x1c CMakeFiles/ProjectName.dir/C_/Users/Vincent/Documents/Pico/pico-sdk/lib/tinyusb/src/device/usbd_control.c.obj
                0x10006400                usbd_control_set_request
 .text.usbd_control_xfer_cb
                0x1000641c       0xfc CMakeFiles/ProjectName.dir/C_/Users/Vincent/Documents/Pico/pico-sdk/lib/tinyusb/src/device/usbd_control.c.obj
                0x1000641c                usbd_control_xfer_cb
 .text._prep_out_transaction
                0x10006518       0x46 CMakeFiles/ProjectName.dir/C_/Users/Vincent/Documents/Pico/pico-sdk/lib/tinyusb/src/class/cdc/cdc_device.c.obj
 *fill*         0x1000655e        0x2 
 .text.tud_cdc_n_connected
                0x10006560       0x44 CMakeFiles/ProjectName.dir/C_/Users/Vincent/Documents/Pico/pico-sdk/lib/tinyusb/src/class/cdc/cdc_device.c.obj
                0x10006560                tud_cdc_n_connected
 .text.tud_cdc_n_available
                0x100065a4       0x18 CMakeFiles/ProjectName.dir/C_/Users/Vincent/Documents/Pico/pico-sdk/lib/tinyusb/src/class/cdc/cdc_device.c.obj
                0x100065a4                tud_cdc_n_available
 .text.tud_cdc_n_read
                0x100065bc       0x28 CMakeFiles/ProjectName.dir/C_/Users/Vincent/Documents/Pico/pico-sdk/lib/tinyusb/src/class/cdc/cdc_device.c.obj
                0x100065bc                tud_cdc_n_read
 .text.tud_cdc_n_write_flush
                0x100065e4       0xcc CMakeFiles/ProjectName.dir/C_/Users/Vincent/Documents/Pico/pico-sdk/lib/tinyusb/src/class/cdc/cdc_device.c.obj
                0x100065e4                tud_cdc_n_write_flush
 .text.tud_cdc_n_write
                0x100066b0       0x38 CMakeFiles/ProjectName.dir/C_/Users/Vincent/Documents/Pico/pico-sdk/lib/tinyusb/src/class/cdc/cdc_device.c.obj
                0x100066b0                tud_cdc_n_write
 .text.tud_cdc_n_write_available
                0x100066e8       0x1c CMakeFiles/ProjectName.dir/C_/Users/Vincent/Documents/Pico/pico-sdk/lib/tinyusb/src/class/cdc/cdc_device.c.obj
                0x100066e8                tud_cdc_n_write_available
 .text.cdcd_init
                0x10006704       0xbc CMakeFiles/ProjectName.dir/C_/Users/Vincent/Documents/Pico/pico-sdk/lib/tinyusb/src/class/cdc/cdc_device.c.obj
                0x10006704                cdcd_init
 .text.cdcd_reset
                0x100067c0       0x44 CMakeFiles/ProjectName.dir/C_/Users/Vincent/Documents/Pico/pico-sdk/lib/tinyusb/src/class/cdc/cdc_device.c.obj
                0x100067c0                cdcd_reset
 .text.cdcd_open
                0x10006804       0xf8 CMakeFiles/ProjectName.dir/C_/Users/Vincent/Documents/Pico/pico-sdk/lib/tinyusb/src/class/cdc/cdc_device.c.obj
                0x10006804                cdcd_open
 .text.cdcd_control_xfer_cb
                0x100068fc      0x134 CMakeFiles/ProjectName.dir/C_/Users/Vincent/Documents/Pico/pico-sdk/lib/tinyusb/src/class/cdc/cdc_device.c.obj
                0x100068fc                cdcd_control_xfer_cb
 .text.cdcd_xfer_cb
                0x10006a30      0x144 CMakeFiles/ProjectName.dir/C_/Users/Vincent/Documents/Pico/pico-sdk/lib/tinyusb/src/class/cdc/cdc_device.c.obj
                0x10006a30                cdcd_xfer_cb
 .text.tusb_init
                0x10006b74       0x24 CMakeFiles/ProjectName.dir/C_/Users/Vincent/Documents/Pico/pico-sdk/lib/tinyusb/src/tusb.c.obj
                0x10006b74                tusb_init
 .text.tusb_inited
                0x10006b98        0xe CMakeFiles/ProjectName.dir/C_/Users/Vincent/Documents/Pico/pico-sdk/lib/tinyusb/src/tusb.c.obj
                0x10006b98                tusb_inited
 *fill*         0x10006ba6        0x2 
 .text.tu_edpt_validate
                0x10006ba8       0xa8 CMakeFiles/ProjectName.dir/C_/Users/Vincent/Documents/Pico/pico-sdk/lib/tinyusb/src/tusb.c.obj
                0x10006ba8                tu_edpt_validate
 .text.tu_edpt_bind_driver
                0x10006c50       0x2a CMakeFiles/ProjectName.dir/C_/Users/Vincent/Documents/Pico/pico-sdk/lib/tinyusb/src/tusb.c.obj
                0x10006c50                tu_edpt_bind_driver
 .text.advance_pointer
                0x10006c7a       0x18 CMakeFiles/ProjectName.dir/C_/Users/Vincent/Documents/Pico/pico-sdk/lib/tinyusb/src/common/tusb_fifo.c.obj
 .text.backward_pointer
                0x10006c92       0x1e CMakeFiles/ProjectName.dir/C_/Users/Vincent/Documents/Pico/pico-sdk/lib/tinyusb/src/common/tusb_fifo.c.obj
 .text.get_relative_pointer
                0x10006cb0       0x10 CMakeFiles/ProjectName.dir/C_/Users/Vincent/Documents/Pico/pico-sdk/lib/tinyusb/src/common/tusb_fifo.c.obj
 .text._tu_fifo_peek
                0x10006cc0       0x50 CMakeFiles/ProjectName.dir/C_/Users/Vincent/Documents/Pico/pico-sdk/lib/tinyusb/src/common/tusb_fifo.c.obj
 .text._ff_pull_const_addr
                0x10006d10       0x4c CMakeFiles/ProjectName.dir/C_/Users/Vincent/Documents/Pico/pico-sdk/lib/tinyusb/src/common/tusb_fifo.c.obj
 .text._ff_pull_n
                0x10006d5c      0x10c CMakeFiles/ProjectName.dir/C_/Users/Vincent/Documents/Pico/pico-sdk/lib/tinyusb/src/common/tusb_fifo.c.obj
 .text._tu_fifo_peek_n
                0x10006e68       0x5e CMakeFiles/ProjectName.dir/C_/Users/Vincent/Documents/Pico/pico-sdk/lib/tinyusb/src/common/tusb_fifo.c.obj
 .text._tu_fifo_read_n
                0x10006ec6       0x4e CMakeFiles/ProjectName.dir/C_/Users/Vincent/Documents/Pico/pico-sdk/lib/tinyusb/src/common/tusb_fifo.c.obj
 .text._ff_push_const_addr
                0x10006f14       0x40 CMakeFiles/ProjectName.dir/C_/Users/Vincent/Documents/Pico/pico-sdk/lib/tinyusb/src/common/tusb_fifo.c.obj
 .text._ff_push_n
                0x10006f54      0x108 CMakeFiles/ProjectName.dir/C_/Users/Vincent/Documents/Pico/pico-sdk/lib/tinyusb/src/common/tusb_fifo.c.obj
 .text._tu_fifo_write_n
                0x1000705c       0x9e CMakeFiles/ProjectName.dir/C_/Users/Vincent/Documents/Pico/pico-sdk/lib/tinyusb/src/common/tusb_fifo.c.obj
 .text.tu_fifo_config
                0x100070fa       0x72 CMakeFiles/ProjectName.dir/C_/Users/Vincent/Documents/Pico/pico-sdk/lib/tinyusb/src/common/tusb_fifo.c.obj
                0x100070fa                tu_fifo_config
 .text.tu_fifo_count
                0x1000716c       0x26 CMakeFiles/ProjectName.dir/C_/Users/Vincent/Documents/Pico/pico-sdk/lib/tinyusb/src/common/tusb_fifo.c.obj
                0x1000716c                tu_fifo_count
 .text.tu_fifo_empty
                0x10007192       0x10 CMakeFiles/ProjectName.dir/C_/Users/Vincent/Documents/Pico/pico-sdk/lib/tinyusb/src/common/tusb_fifo.c.obj
                0x10007192                tu_fifo_empty
 .text.tu_fifo_remaining
                0x100071a2       0x20 CMakeFiles/ProjectName.dir/C_/Users/Vincent/Documents/Pico/pico-sdk/lib/tinyusb/src/common/tusb_fifo.c.obj
                0x100071a2                tu_fifo_remaining
 .text.tu_fifo_read
                0x100071c2       0x42 CMakeFiles/ProjectName.dir/C_/Users/Vincent/Documents/Pico/pico-sdk/lib/tinyusb/src/common/tusb_fifo.c.obj
                0x100071c2                tu_fifo_read
 .text.tu_fifo_read_n
                0x10007204        0xa CMakeFiles/ProjectName.dir/C_/Users/Vincent/Documents/Pico/pico-sdk/lib/tinyusb/src/common/tusb_fifo.c.obj
                0x10007204                tu_fifo_read_n
 .text.tu_fifo_write
                0x1000720e       0x6c CMakeFiles/ProjectName.dir/C_/Users/Vincent/Documents/Pico/pico-sdk/lib/tinyusb/src/common/tusb_fifo.c.obj
                0x1000720e                tu_fifo_write
 .text.tu_fifo_write_n
                0x1000727a        0xa CMakeFiles/ProjectName.dir/C_/Users/Vincent/Documents/Pico/pico-sdk/lib/tinyusb/src/common/tusb_fifo.c.obj
                0x1000727a                tu_fifo_write_n
 .text.tu_fifo_clear
                0x10007284       0x4c CMakeFiles/ProjectName.dir/C_/Users/Vincent/Documents/Pico/pico-sdk/lib/tinyusb/src/common/tusb_fifo.c.obj
                0x10007284                tu_fifo_clear
 .text.tu_fifo_set_overwritable
                0x100072d0       0x3c CMakeFiles/ProjectName.dir/C_/Users/Vincent/Documents/Pico/pico-sdk/lib/tinyusb/src/common/tusb_fifo.c.obj
                0x100072d0                tu_fifo_set_overwritable
 .text._retrieve_unique_id_on_boot
                0x1000730c       0x10 CMakeFiles/ProjectName.dir/C_/Users/Vincent/Documents/Pico/pico-sdk/src/rp2_common/pico_unique_id/unique_id.c.obj
 .text.pico_get_unique_board_id_string
                0x1000731c       0x60 CMakeFiles/ProjectName.dir/C_/Users/Vincent/Documents/Pico/pico-sdk/src/rp2_common/pico_unique_id/unique_id.c.obj
                0x1000731c                pico_get_unique_board_id_string
 .text.flash_get_unique_id
                0x1000737c       0x46 CMakeFiles/ProjectName.dir/C_/Users/Vincent/Documents/Pico/pico-sdk/src/rp2_common/hardware_flash/flash.c.obj
                0x1000737c                flash_get_unique_id
 .text.spi_set_baudrate
                0x100073c2       0x92 CMakeFiles/ProjectName.dir/C_/Users/Vincent/Documents/Pico/pico-sdk/src/rp2_common/hardware_spi/spi.c.obj
                0x100073c2                spi_set_baudrate
 .text.spi_init
                0x10007454       0x68 CMakeFiles/ProjectName.dir/C_/Users/Vincent/Documents/Pico/pico-sdk/src/rp2_common/hardware_spi/spi.c.obj
                0x10007454                spi_init
 .text.i2c_set_baudrate
                0x100074bc       0xf0 CMakeFiles/ProjectName.dir/C_/Users/Vincent/Documents/Pico/pico-sdk/src/rp2_common/hardware_i2c/i2c.c.obj
                0x100074bc                i2c_set_baudrate
 .text.i2c_init
                0x100075ac       0x58 CMakeFiles/ProjectName.dir/C_/Users/Vincent/Documents/Pico/pico-sdk/src/rp2_common/hardware_i2c/i2c.c.obj
                0x100075ac                i2c_init
 .text.strlen   0x10007604       0x5c c:/progra~2/gnuarm~1/102021~1.10/bin/../lib/gcc/arm-none-eabi/10.3.1/../../../../arm-none-eabi/lib/thumb/v6-m/nofp\libg.a(lib_a-strlen-stub.o)
                0x10007604                strlen
 *(.fini)
 .fini          0x10007660        0x4 c:/progra~2/gnuarm~1/102021~1.10/bin/../lib/gcc/arm-none-eabi/10.3.1/thumb/v6-m/nofp/crti.o
                0x10007660                _fini
 *fill*         0x10007664        0x4 
 .fini.__stub   0x10007668       0x70 linker stubs
 *crtbegin.o(.ctors)
 *crtbegin?.o(.ctors)
 *(EXCLUDE_FILE(*crtend.o *crtend?.o) .ctors)
 *(SORT_BY_NAME(.ctors.*))
 *(.ctors)
 *crtbegin.o(.dtors)
 *crtbegin?.o(.dtors)
 *(EXCLUDE_FILE(*crtend.o *crtend?.o) .dtors)
 *(SORT_BY_NAME(.dtors.*))
 *(.dtors)
 *(.eh_frame*)
 .eh_frame      0x100076d8        0x0 c:/progra~2/gnuarm~1/102021~1.10/bin/../lib/gcc/arm-none-eabi/10.3.1/thumb/v6-m/nofp/crtbegin.o
                0x100076d8                . = ALIGN (0x4)

.glue_7         0x100076d8        0x0
 .glue_7        0x100076d8        0x0 linker stubs

.glue_7t        0x100076d8        0x0
 .glue_7t       0x100076d8        0x0 linker stubs

.vfp11_veneer   0x100076d8        0x0
 .vfp11_veneer  0x100076d8        0x0 linker stubs

.v4_bx          0x100076d8        0x0
 .v4_bx         0x100076d8        0x0 linker stubs

.iplt           0x100076d8        0x0
 .iplt          0x100076d8        0x0 c:/progra~2/gnuarm~1/102021~1.10/bin/../lib/gcc/arm-none-eabi/10.3.1/thumb/v6-m/nofp/crtbegin.o

.rodata         0x100076d8     0x1880
 *(EXCLUDE_FILE(*libm.a: *libc.a:*lib_a-mem*.o *libgcc.a:) .rodata*)
 .rodata.main.str1.4
                0x100076d8       0xb6 CMakeFiles/ProjectName.dir/ProjectName.cpp.obj
 *fill*         0x1000778e        0x2 
 .rodata.spin_lock_claim_unused.str1.4
                0x10007790       0x1b CMakeFiles/ProjectName.dir/C_/Users/Vincent/Documents/Pico/pico-sdk/src/rp2_common/hardware_sync/sync.c.obj
 *fill*         0x100077ab        0x1 
 .rodata.make_branch.str1.4
                0x100077ac       0x7b CMakeFiles/ProjectName.dir/C_/Users/Vincent/Documents/Pico/pico-sdk/src/rp2_common/hardware_irq/irq.c.obj
 *fill*         0x10007827        0x1 
 .rodata.insert_branch_and_link.str1.4
                0x10007828       0x10 CMakeFiles/ProjectName.dir/C_/Users/Vincent/Documents/Pico/pico-sdk/src/rp2_common/hardware_irq/irq.c.obj
 .rodata.irq_set_exclusive_handler.str1.4
                0x10007838       0x36 CMakeFiles/ProjectName.dir/C_/Users/Vincent/Documents/Pico/pico-sdk/src/rp2_common/hardware_irq/irq.c.obj
 *fill*         0x1000786e        0x2 
 .rodata.irq_add_shared_handler.str1.4
                0x10007870       0xd9 CMakeFiles/ProjectName.dir/C_/Users/Vincent/Documents/Pico/pico-sdk/src/rp2_common/hardware_irq/irq.c.obj
 *fill*         0x10007949        0x3 
 .rodata.irq_remove_handler.str1.4
                0x1000794c       0x2a CMakeFiles/ProjectName.dir/C_/Users/Vincent/Documents/Pico/pico-sdk/src/rp2_common/hardware_irq/irq.c.obj
 *fill*         0x10007976        0x2 
 .rodata.irq_add_tail_to_free_list.str1.4
                0x10007978       0x3a CMakeFiles/ProjectName.dir/C_/Users/Vincent/Documents/Pico/pico-sdk/src/rp2_common/hardware_irq/irq.c.obj
 *fill*         0x100079b2        0x2 
 .rodata.user_irq_claim_unused.str1.4
                0x100079b4       0x1b CMakeFiles/ProjectName.dir/C_/Users/Vincent/Documents/Pico/pico-sdk/src/rp2_common/hardware_irq/irq.c.obj
 *fill*         0x100079cf        0x1 
 .rodata.__func__.0
                0x100079d0       0x1a CMakeFiles/ProjectName.dir/C_/Users/Vincent/Documents/Pico/pico-sdk/src/rp2_common/hardware_irq/irq.c.obj
 *fill*         0x100079ea        0x2 
 .rodata.__func__.1
                0x100079ec       0x17 CMakeFiles/ProjectName.dir/C_/Users/Vincent/Documents/Pico/pico-sdk/src/rp2_common/hardware_irq/irq.c.obj
 *fill*         0x10007a03        0x1 
 .rodata.__func__.2
                0x10007a04       0x13 CMakeFiles/ProjectName.dir/C_/Users/Vincent/Documents/Pico/pico-sdk/src/rp2_common/hardware_irq/irq.c.obj
 *fill*         0x10007a17        0x1 
 .rodata.__func__.3
                0x10007a18        0xc CMakeFiles/ProjectName.dir/C_/Users/Vincent/Documents/Pico/pico-sdk/src/rp2_common/hardware_irq/irq.c.obj
 .rodata.__func__.4
                0x10007a24        0xf CMakeFiles/ProjectName.dir/C_/Users/Vincent/Documents/Pico/pico-sdk/src/rp2_common/hardware_irq/irq.c.obj
 *fill*         0x10007a33        0x1 
 .rodata.__func__.5
                0x10007a34       0x17 CMakeFiles/ProjectName.dir/C_/Users/Vincent/Documents/Pico/pico-sdk/src/rp2_common/hardware_irq/irq.c.obj
 *fill*         0x10007a4b        0x1 
 .rodata.__func__.6
                0x10007a4c       0x1a CMakeFiles/ProjectName.dir/C_/Users/Vincent/Documents/Pico/pico-sdk/src/rp2_common/hardware_irq/irq.c.obj
 *fill*         0x10007a66        0x2 
 .rodata.repeating_timer_callback.str1.4
                0x10007a68       0x59 CMakeFiles/ProjectName.dir/C_/Users/Vincent/Documents/Pico/pico-sdk/src/common/pico_time/time.c.obj
 *fill*         0x10007ac1        0x3 
 .rodata.alarm_pool_dump_key.str1.4
                0x10007ac4       0x33 CMakeFiles/ProjectName.dir/C_/Users/Vincent/Documents/Pico/pico-sdk/src/common/pico_time/time.c.obj
 *fill*         0x10007af7        0x1 
 .rodata.ph_add_child_node.str1.4
                0x10007af8       0xa2 CMakeFiles/ProjectName.dir/C_/Users/Vincent/Documents/Pico/pico-sdk/src/common/pico_time/time.c.obj
 *fill*         0x10007b9a        0x2 
 .rodata.add_alarm_under_lock.str1.4
                0x10007b9c       0x28 CMakeFiles/ProjectName.dir/C_/Users/Vincent/Documents/Pico/pico-sdk/src/common/pico_time/time.c.obj
                                 0x2b (size before relaxing)
 .rodata.alarm_pool_alarm_callback.str1.4
                0x10007bc4       0x82 CMakeFiles/ProjectName.dir/C_/Users/Vincent/Documents/Pico/pico-sdk/src/common/pico_time/time.c.obj
                                 0xf2 (size before relaxing)
 *fill*         0x10007c46        0x2 
 .rodata.alarm_pool_get_default.str1.4
                0x10007c48       0x21 CMakeFiles/ProjectName.dir/C_/Users/Vincent/Documents/Pico/pico-sdk/src/common/pico_time/time.c.obj
 *fill*         0x10007c69        0x3 
 .rodata.alarm_pool_cancel_alarm.str1.4
                0x10007c6c       0x27 CMakeFiles/ProjectName.dir/C_/Users/Vincent/Documents/Pico/pico-sdk/src/common/pico_time/time.c.obj
 *fill*         0x10007c93        0x1 
 .rodata.__func__.1
                0x10007c94       0x18 CMakeFiles/ProjectName.dir/C_/Users/Vincent/Documents/Pico/pico-sdk/src/common/pico_time/time.c.obj
 .rodata.__func__.10
                0x10007cac       0x15 CMakeFiles/ProjectName.dir/C_/Users/Vincent/Documents/Pico/pico-sdk/src/common/pico_time/time.c.obj
 *fill*         0x10007cc1        0x3 
 .rodata.__func__.11
                0x10007cc4       0x1a CMakeFiles/ProjectName.dir/C_/Users/Vincent/Documents/Pico/pico-sdk/src/common/pico_time/time.c.obj
 *fill*         0x10007cde        0x2 
 .rodata.__func__.12
                0x10007ce0        0xa CMakeFiles/ProjectName.dir/C_/Users/Vincent/Documents/Pico/pico-sdk/src/common/pico_time/time.c.obj
 *fill*         0x10007cea        0x2 
 .rodata.__func__.3
                0x10007cec       0x17 CMakeFiles/ProjectName.dir/C_/Users/Vincent/Documents/Pico/pico-sdk/src/common/pico_time/time.c.obj
 *fill*         0x10007d03        0x1 
 .rodata.__func__.4
                0x10007d04       0x12 CMakeFiles/ProjectName.dir/C_/Users/Vincent/Documents/Pico/pico-sdk/src/common/pico_time/time.c.obj
 *fill*         0x10007d16        0x2 
 .rodata.__func__.5
                0x10007d18        0xd CMakeFiles/ProjectName.dir/C_/Users/Vincent/Documents/Pico/pico-sdk/src/common/pico_time/time.c.obj
 *fill*         0x10007d25        0x3 
 .rodata.__func__.6
                0x10007d28       0x12 CMakeFiles/ProjectName.dir/C_/Users/Vincent/Documents/Pico/pico-sdk/src/common/pico_time/time.c.obj
 *fill*         0x10007d3a        0x2 
 .rodata.__func__.7
                0x10007d3c        0xf CMakeFiles/ProjectName.dir/C_/Users/Vincent/Documents/Pico/pico-sdk/src/common/pico_time/time.c.obj
 *fill*         0x10007d4b        0x1 
 .rodata.__func__.8
                0x10007d4c        0xc CMakeFiles/ProjectName.dir/C_/Users/Vincent/Documents/Pico/pico-sdk/src/common/pico_time/time.c.obj
 .rodata.__func__.9
                0x10007d58       0x15 CMakeFiles/ProjectName.dir/C_/Users/Vincent/Documents/Pico/pico-sdk/src/common/pico_time/time.c.obj
 *fill*         0x10007d6d        0x3 
 .rodata.hardware_alarm_claim.str1.4
                0x10007d70       0x22 CMakeFiles/ProjectName.dir/C_/Users/Vincent/Documents/Pico/pico-sdk/src/rp2_common/hardware_timer/timer.c.obj
 *fill*         0x10007d92        0x2 
 .rodata.hardware_alarm_set_target.str1.4
                0x10007d94       0x73 CMakeFiles/ProjectName.dir/C_/Users/Vincent/Documents/Pico/pico-sdk/src/rp2_common/hardware_timer/timer.c.obj
 *fill*         0x10007e07        0x1 
 .rodata.__func__.0
                0x10007e08       0x1a CMakeFiles/ProjectName.dir/C_/Users/Vincent/Documents/Pico/pico-sdk/src/rp2_common/hardware_timer/timer.c.obj
 .rodata.ph_add_child_node.str1.4
                0x10007e22       0xa2 CMakeFiles/ProjectName.dir/C_/Users/Vincent/Documents/Pico/pico-sdk/src/common/pico_util/pheap.c.obj
 *fill*         0x10007e22        0x2 
 .rodata.ph_remove_any_head.str1.4
                0x10007e24       0x9c CMakeFiles/ProjectName.dir/C_/Users/Vincent/Documents/Pico/pico-sdk/src/common/pico_util/pheap.c.obj
 .rodata.ph_remove_and_free_node.str1.4
                0x10007ec0       0x1e CMakeFiles/ProjectName.dir/C_/Users/Vincent/Documents/Pico/pico-sdk/src/common/pico_util/pheap.c.obj
                                 0x26 (size before relaxing)
 *fill*         0x10007ede        0x2 
 .rodata.__func__.0
                0x10007ee0       0x18 CMakeFiles/ProjectName.dir/C_/Users/Vincent/Documents/Pico/pico-sdk/src/common/pico_util/pheap.c.obj
 .rodata.__func__.1
                0x10007ef8       0x13 CMakeFiles/ProjectName.dir/C_/Users/Vincent/Documents/Pico/pico-sdk/src/common/pico_util/pheap.c.obj
 *fill*         0x10007f0b        0x1 
 .rodata.__func__.2
                0x10007f0c       0x12 CMakeFiles/ProjectName.dir/C_/Users/Vincent/Documents/Pico/pico-sdk/src/common/pico_util/pheap.c.obj
 *fill*         0x10007f1e        0x2 
 .rodata.__func__.3
                0x10007f20        0xc CMakeFiles/ProjectName.dir/C_/Users/Vincent/Documents/Pico/pico-sdk/src/common/pico_util/pheap.c.obj
 .rodata.str1.4
                0x10007f2c       0x99 CMakeFiles/ProjectName.dir/C_/Users/Vincent/Documents/Pico/pico-sdk/src/common/pico_sync/mutex.c.obj
                                0x109 (size before relaxing)
 *fill*         0x10007fc5        0x3 
 .rodata.__func__.1
                0x10007fc8        0xb CMakeFiles/ProjectName.dir/C_/Users/Vincent/Documents/Pico/pico-sdk/src/common/pico_sync/mutex.c.obj
 *fill*         0x10007fd3        0x1 
 .rodata.__func__.3
                0x10007fd4       0x18 CMakeFiles/ProjectName.dir/C_/Users/Vincent/Documents/Pico/pico-sdk/src/common/pico_sync/mutex.c.obj
 .rodata.__func__.4
                0x10007fec       0x15 CMakeFiles/ProjectName.dir/C_/Users/Vincent/Documents/Pico/pico-sdk/src/common/pico_sync/mutex.c.obj
 *fill*         0x10008001        0x3 
 .rodata.__assert_func.str1.4
                0x10008004       0x3f CMakeFiles/ProjectName.dir/C_/Users/Vincent/Documents/Pico/pico-sdk/src/rp2_common/pico_runtime/runtime.c.obj
                                 0x43 (size before relaxing)
 *fill*         0x10008043        0x1 
 .rodata.runtime_init.str1.4
                0x10008044       0x6f CMakeFiles/ProjectName.dir/C_/Users/Vincent/Documents/Pico/pico-sdk/src/rp2_common/pico_runtime/runtime.c.obj
 *fill*         0x100080b3        0x1 
 .rodata.panic.str1.4
                0x100080b4       0x12 CMakeFiles/ProjectName.dir/C_/Users/Vincent/Documents/Pico/pico-sdk/src/rp2_common/pico_runtime/runtime.c.obj
 *fill*         0x100080c6        0x2 
 .rodata.__func__.1
                0x100080c8        0xd CMakeFiles/ProjectName.dir/C_/Users/Vincent/Documents/Pico/pico-sdk/src/rp2_common/pico_runtime/runtime.c.obj
 *fill*         0x100080d5        0x3 
 .rodata.clock_configure.str1.4
                0x100080d8       0x65 CMakeFiles/ProjectName.dir/C_/Users/Vincent/Documents/Pico/pico-sdk/src/rp2_common/hardware_clocks/clocks.c.obj
 *fill*         0x1000813d        0x3 
 .rodata.__func__.1
                0x10008140       0x10 CMakeFiles/ProjectName.dir/C_/Users/Vincent/Documents/Pico/pico-sdk/src/rp2_common/hardware_clocks/clocks.c.obj
 .rodata.pll_init.str1.4
                0x10008150      0x147 CMakeFiles/ProjectName.dir/C_/Users/Vincent/Documents/Pico/pico-sdk/src/rp2_common/hardware_pll/pll.c.obj
 *fill*         0x10008297        0x1 
 .rodata.__func__.0
                0x10008298        0x9 CMakeFiles/ProjectName.dir/C_/Users/Vincent/Documents/Pico/pico-sdk/src/rp2_common/hardware_pll/pll.c.obj
 *fill*         0x100082a1        0x3 
 .rodata._ftoa.str1.4
                0x100082a4       0x15 CMakeFiles/ProjectName.dir/C_/Users/Vincent/Documents/Pico/pico-sdk/src/rp2_common/pico_printf/printf.c.obj
 *fill*         0x100082b9        0x3 
 .rodata._vsnprintf
                0x100082bc      0x1e0 CMakeFiles/ProjectName.dir/C_/Users/Vincent/Documents/Pico/pico-sdk/src/rp2_common/pico_printf/printf.c.obj
 *fill*         0x1000849c        0x4 
 .rodata.pow10.0
                0x100084a0       0x50 CMakeFiles/ProjectName.dir/C_/Users/Vincent/Documents/Pico/pico-sdk/src/rp2_common/pico_printf/printf.c.obj
 .rodata.__aeabi_double_init.str1.4
                0x100084f0       0xb6 CMakeFiles/ProjectName.dir/C_/Users/Vincent/Documents/Pico/pico-sdk/src/rp2_common/pico_double/double_init_rom.c.obj
 *fill*         0x100085a6        0x2 
 .rodata.__func__.0
                0x100085a8       0x14 CMakeFiles/ProjectName.dir/C_/Users/Vincent/Documents/Pico/pico-sdk/src/rp2_common/pico_double/double_init_rom.c.obj
 .rodata.__aeabi_float_init.str1.4
                0x100085bc       0x88 CMakeFiles/ProjectName.dir/C_/Users/Vincent/Documents/Pico/pico-sdk/src/rp2_common/pico_float/float_init_rom.c.obj
                                 0x8c (size before relaxing)
 .rodata.__func__.0
                0x10008644       0x13 CMakeFiles/ProjectName.dir/C_/Users/Vincent/Documents/Pico/pico-sdk/src/rp2_common/pico_float/float_init_rom.c.obj
 *fill*         0x10008657        0x1 
 .rodata.str1.4
                0x10008658       0x44 CMakeFiles/ProjectName.dir/C_/Users/Vincent/Documents/Pico/pico-sdk/src/rp2_common/pico_standard_link/binary_info.c.obj
 .rodata.__bi_44
                0x1000869c        0xc CMakeFiles/ProjectName.dir/C_/Users/Vincent/Documents/Pico/pico-sdk/src/rp2_common/pico_standard_link/binary_info.c.obj
 .rodata.__bi_56
                0x100086a8        0xc CMakeFiles/ProjectName.dir/C_/Users/Vincent/Documents/Pico/pico-sdk/src/rp2_common/pico_standard_link/binary_info.c.obj
 .rodata.__bi_75
                0x100086b4        0xc CMakeFiles/ProjectName.dir/C_/Users/Vincent/Documents/Pico/pico-sdk/src/rp2_common/pico_standard_link/binary_info.c.obj
 .rodata.__bi_81
                0x100086c0        0xc CMakeFiles/ProjectName.dir/C_/Users/Vincent/Documents/Pico/pico-sdk/src/rp2_common/pico_standard_link/binary_info.c.obj
 .rodata.crlf_str.3
                0x100086cc        0x2 CMakeFiles/ProjectName.dir/C_/Users/Vincent/Documents/Pico/pico-sdk/src/rp2_common/pico_stdio/stdio.c.obj
 *fill*         0x100086ce        0x2 
 .rodata.str1.4
                0x100086d0       0x2c CMakeFiles/ProjectName.dir/C_/Users/Vincent/Documents/Pico/pico-sdk/src/rp2_common/pico_stdio_uart/stdio_uart.c.obj
 .rodata.__bi_28.4
                0x100086fc        0xc CMakeFiles/ProjectName.dir/C_/Users/Vincent/Documents/Pico/pico-sdk/src/rp2_common/pico_stdio_uart/stdio_uart.c.obj
 .rodata.__bi_29.5
                0x10008708        0x8 CMakeFiles/ProjectName.dir/C_/Users/Vincent/Documents/Pico/pico-sdk/src/rp2_common/pico_stdio_uart/stdio_uart.c.obj
 .rodata._resetd_driver
                0x10008710       0x18 CMakeFiles/ProjectName.dir/C_/Users/Vincent/Documents/Pico/pico-sdk/src/rp2_common/pico_stdio_usb/reset_interface.c.obj
 .rodata.timer_task.str1.4
                0x10008728       0x7b CMakeFiles/ProjectName.dir/C_/Users/Vincent/Documents/Pico/pico-sdk/src/rp2_common/pico_stdio_usb/stdio_usb.c.obj
 .rodata.stdio_usb_init.str1.4
                0x100087a3       0x6f CMakeFiles/ProjectName.dir/C_/Users/Vincent/Documents/Pico/pico-sdk/src/rp2_common/pico_stdio_usb/stdio_usb.c.obj
 *fill*         0x100087a3        0x1 
 .rodata.str1.4
                0x100087a4       0x13 CMakeFiles/ProjectName.dir/C_/Users/Vincent/Documents/Pico/pico-sdk/src/rp2_common/pico_stdio_usb/stdio_usb.c.obj
 *fill*         0x100087b7        0x1 
 .rodata.__bi_118.2
                0x100087b8        0xc CMakeFiles/ProjectName.dir/C_/Users/Vincent/Documents/Pico/pico-sdk/src/rp2_common/pico_stdio_usb/stdio_usb.c.obj
 .rodata.__func__.0
                0x100087c4       0x15 CMakeFiles/ProjectName.dir/C_/Users/Vincent/Documents/Pico/pico-sdk/src/rp2_common/pico_stdio_usb/stdio_usb.c.obj
 *fill*         0x100087d9        0x3 
 .rodata.__func__.1
                0x100087dc        0xb CMakeFiles/ProjectName.dir/C_/Users/Vincent/Documents/Pico/pico-sdk/src/rp2_common/pico_stdio_usb/stdio_usb.c.obj
 *fill*         0x100087e7        0x1 
 .rodata.str1.4
                0x100087e8       0x2a CMakeFiles/ProjectName.dir/C_/Users/Vincent/Documents/Pico/pico-sdk/src/rp2_common/pico_stdio_usb/stdio_usb_descriptors.c.obj
 *fill*         0x10008812        0x2 
 .rodata.usbd_desc_cfg
                0x10008814       0x54 CMakeFiles/ProjectName.dir/C_/Users/Vincent/Documents/Pico/pico-sdk/src/rp2_common/pico_stdio_usb/stdio_usb_descriptors.c.obj
 .rodata.usbd_desc_device
                0x10008868       0x12 CMakeFiles/ProjectName.dir/C_/Users/Vincent/Documents/Pico/pico-sdk/src/rp2_common/pico_stdio_usb/stdio_usb_descriptors.c.obj
 *fill*         0x1000887a        0x2 
 .rodata.usbd_desc_str
                0x1000887c       0x18 CMakeFiles/ProjectName.dir/C_/Users/Vincent/Documents/Pico/pico-sdk/src/rp2_common/pico_stdio_usb/stdio_usb_descriptors.c.obj
 .rodata._hw_endpoint_alloc.str1.4
                0x10008894       0xc5 CMakeFiles/ProjectName.dir/C_/Users/Vincent/Documents/Pico/pico-sdk/lib/tinyusb/src/portable/raspberrypi/rp2040/dcd_rp2040.c.obj
 *fill*         0x10008959        0x3 
 .rodata.dcd_rp2040_irq.str1.4
                0x1000895c       0x14 CMakeFiles/ProjectName.dir/C_/Users/Vincent/Documents/Pico/pico-sdk/lib/tinyusb/src/portable/raspberrypi/rp2040/dcd_rp2040.c.obj
 .rodata.dcd_int_enable.str1.4
                0x10008970        0xc CMakeFiles/ProjectName.dir/C_/Users/Vincent/Documents/Pico/pico-sdk/lib/tinyusb/src/portable/raspberrypi/rp2040/dcd_rp2040.c.obj
 .rodata.__func__.0
                0x1000897c        0xe CMakeFiles/ProjectName.dir/C_/Users/Vincent/Documents/Pico/pico-sdk/lib/tinyusb/src/portable/raspberrypi/rp2040/dcd_rp2040.c.obj
 *fill*         0x1000898a        0x2 
 .rodata.__func__.1
                0x1000898c        0xe CMakeFiles/ProjectName.dir/C_/Users/Vincent/Documents/Pico/pico-sdk/lib/tinyusb/src/portable/raspberrypi/rp2040/dcd_rp2040.c.obj
 *fill*         0x1000899a        0x2 
 .rodata.__func__.3
                0x1000899c       0x10 CMakeFiles/ProjectName.dir/C_/Users/Vincent/Documents/Pico/pico-sdk/lib/tinyusb/src/portable/raspberrypi/rp2040/dcd_rp2040.c.obj
 .rodata.__func__.5
                0x100089ac        0xf CMakeFiles/ProjectName.dir/C_/Users/Vincent/Documents/Pico/pico-sdk/lib/tinyusb/src/portable/raspberrypi/rp2040/dcd_rp2040.c.obj
 *fill*         0x100089bb        0x1 
 .rodata.__func__.6
                0x100089bc       0x13 CMakeFiles/ProjectName.dir/C_/Users/Vincent/Documents/Pico/pico-sdk/lib/tinyusb/src/portable/raspberrypi/rp2040/dcd_rp2040.c.obj
 *fill*         0x100089cf        0x1 
 .rodata.__func__.7
                0x100089d0        0x9 CMakeFiles/ProjectName.dir/C_/Users/Vincent/Documents/Pico/pico-sdk/lib/tinyusb/src/portable/raspberrypi/rp2040/dcd_rp2040.c.obj
 *fill*         0x100089d9        0x3 
 .rodata.sync_ep_buffer.str1.4
                0x100089dc       0xa1 CMakeFiles/ProjectName.dir/C_/Users/Vincent/Documents/Pico/pico-sdk/lib/tinyusb/src/portable/raspberrypi/rp2040/rp2040_usb.c.obj
 *fill*         0x10008a7d        0x3 
 .rodata._hw_endpoint_buffer_control_update32.str1.4
                0x10008a80       0x1f CMakeFiles/ProjectName.dir/C_/Users/Vincent/Documents/Pico/pico-sdk/lib/tinyusb/src/portable/raspberrypi/rp2040/rp2040_usb.c.obj
 *fill*         0x10008a9f        0x1 
 .rodata.hw_endpoint_xfer_start.str1.4
                0x10008aa0       0x38 CMakeFiles/ProjectName.dir/C_/Users/Vincent/Documents/Pico/pico-sdk/lib/tinyusb/src/portable/raspberrypi/rp2040/rp2040_usb.c.obj
 .rodata.hw_endpoint_xfer_continue.str1.4
                0x10008ad8       0x29 CMakeFiles/ProjectName.dir/C_/Users/Vincent/Documents/Pico/pico-sdk/lib/tinyusb/src/portable/raspberrypi/rp2040/rp2040_usb.c.obj
 .rodata.str1.4
                0x10008b01       0x29 CMakeFiles/ProjectName.dir/C_/Users/Vincent/Documents/Pico/pico-sdk/lib/tinyusb/src/portable/raspberrypi/rp2040/rp2040_usb.c.obj
                                  0x7 (size before relaxing)
 *fill*         0x10008b01        0x3 
 .rodata.__func__.0
                0x10008b04        0xf CMakeFiles/ProjectName.dir/C_/Users/Vincent/Documents/Pico/pico-sdk/lib/tinyusb/src/portable/raspberrypi/rp2040/rp2040_usb.c.obj
 *fill*         0x10008b13        0x1 
 .rodata.process_set_config.str1.4
                0x10008b14       0x17 CMakeFiles/ProjectName.dir/C_/Users/Vincent/Documents/Pico/pico-sdk/lib/tinyusb/src/device/usbd.c.obj
 *fill*         0x10008b2b        0x1 
 .rodata.process_get_descriptor
                0x10008b2c       0x40 CMakeFiles/ProjectName.dir/C_/Users/Vincent/Documents/Pico/pico-sdk/lib/tinyusb/src/device/usbd.c.obj
 .rodata.process_control_request
                0x10008b6c       0x28 CMakeFiles/ProjectName.dir/C_/Users/Vincent/Documents/Pico/pico-sdk/lib/tinyusb/src/device/usbd.c.obj
 .rodata.tud_task
                0x10008b94       0x24 CMakeFiles/ProjectName.dir/C_/Users/Vincent/Documents/Pico/pico-sdk/lib/tinyusb/src/device/usbd.c.obj
 .rodata.__func__.2
                0x10008bb8        0xf CMakeFiles/ProjectName.dir/C_/Users/Vincent/Documents/Pico/pico-sdk/lib/tinyusb/src/device/usbd.c.obj
 *fill*         0x10008bc7        0x1 
 .rodata.__func__.3
                0x10008bc8        0xf CMakeFiles/ProjectName.dir/C_/Users/Vincent/Documents/Pico/pico-sdk/lib/tinyusb/src/device/usbd.c.obj
 *fill*         0x10008bd7        0x1 
 .rodata.__func__.4
                0x10008bd8       0x14 CMakeFiles/ProjectName.dir/C_/Users/Vincent/Documents/Pico/pico-sdk/lib/tinyusb/src/device/usbd.c.obj
 .rodata.__func__.5
                0x10008bec       0x10 CMakeFiles/ProjectName.dir/C_/Users/Vincent/Documents/Pico/pico-sdk/lib/tinyusb/src/device/usbd.c.obj
 .rodata.__func__.6
                0x10008bfc       0x17 CMakeFiles/ProjectName.dir/C_/Users/Vincent/Documents/Pico/pico-sdk/lib/tinyusb/src/device/usbd.c.obj
 *fill*         0x10008c13        0x1 
 .rodata.__func__.7
                0x10008c14       0x13 CMakeFiles/ProjectName.dir/C_/Users/Vincent/Documents/Pico/pico-sdk/lib/tinyusb/src/device/usbd.c.obj
 *fill*         0x10008c27        0x1 
 .rodata.__func__.8
                0x10008c28       0x18 CMakeFiles/ProjectName.dir/C_/Users/Vincent/Documents/Pico/pico-sdk/lib/tinyusb/src/device/usbd.c.obj
 .rodata.__func__.9
                0x10008c40        0x9 CMakeFiles/ProjectName.dir/C_/Users/Vincent/Documents/Pico/pico-sdk/lib/tinyusb/src/device/usbd.c.obj
 *fill*         0x10008c49        0x3 
 .rodata._usbd_driver
                0x10008c4c       0x18 CMakeFiles/ProjectName.dir/C_/Users/Vincent/Documents/Pico/pico-sdk/lib/tinyusb/src/device/usbd.c.obj
 .rodata.tud_control_xfer.str1.4
                0x10008c64       0x17 CMakeFiles/ProjectName.dir/C_/Users/Vincent/Documents/Pico/pico-sdk/lib/tinyusb/src/device/usbd_control.c.obj
 .rodata.__func__.0
                0x10008c64       0x15 CMakeFiles/ProjectName.dir/C_/Users/Vincent/Documents/Pico/pico-sdk/lib/tinyusb/src/device/usbd_control.c.obj
 *fill*         0x10008c79        0x3 
 .rodata.__func__.1
                0x10008c7c       0x11 CMakeFiles/ProjectName.dir/C_/Users/Vincent/Documents/Pico/pico-sdk/lib/tinyusb/src/device/usbd_control.c.obj
 .rodata.tud_cdc_n_write_flush.str1.4
                0x10008c8d       0x17 CMakeFiles/ProjectName.dir/C_/Users/Vincent/Documents/Pico/pico-sdk/lib/tinyusb/src/class/cdc/cdc_device.c.obj
 *fill*         0x10008c8d        0x3 
 .rodata.__func__.0
                0x10008c90        0xd CMakeFiles/ProjectName.dir/C_/Users/Vincent/Documents/Pico/pico-sdk/lib/tinyusb/src/class/cdc/cdc_device.c.obj
 *fill*         0x10008c9d        0x3 
 .rodata.__func__.1
                0x10008ca0        0xa CMakeFiles/ProjectName.dir/C_/Users/Vincent/Documents/Pico/pico-sdk/lib/tinyusb/src/class/cdc/cdc_device.c.obj
 *fill*         0x10008caa        0x2 
 .rodata.__func__.2
                0x10008cac       0x16 CMakeFiles/ProjectName.dir/C_/Users/Vincent/Documents/Pico/pico-sdk/lib/tinyusb/src/class/cdc/cdc_device.c.obj
 .rodata.tusb_init.str1.4
                0x10008cc2       0x17 CMakeFiles/ProjectName.dir/C_/Users/Vincent/Documents/Pico/pico-sdk/lib/tinyusb/src/tusb.c.obj
 *fill*         0x10008cc2        0x2 
 .rodata.__func__.0
                0x10008cc4       0x11 CMakeFiles/ProjectName.dir/C_/Users/Vincent/Documents/Pico/pico-sdk/lib/tinyusb/src/tusb.c.obj
 *fill*         0x10008cd5        0x3 
 .rodata.__func__.1
                0x10008cd8        0xa CMakeFiles/ProjectName.dir/C_/Users/Vincent/Documents/Pico/pico-sdk/lib/tinyusb/src/tusb.c.obj
 *fill*         0x10008ce2        0x2 
 .rodata.pico_get_unique_board_id_string.str1.4
                0x10008ce4       0x5b CMakeFiles/ProjectName.dir/C_/Users/Vincent/Documents/Pico/pico-sdk/src/rp2_common/pico_unique_id/unique_id.c.obj
 *fill*         0x10008d3f        0x1 
 .rodata.__func__.0
                0x10008d40       0x20 CMakeFiles/ProjectName.dir/C_/Users/Vincent/Documents/Pico/pico-sdk/src/rp2_common/pico_unique_id/unique_id.c.obj
 .rodata.str1.4
                0x10008d60      0x166 CMakeFiles/ProjectName.dir/C_/Users/Vincent/Documents/Pico/pico-sdk/src/rp2_common/hardware_flash/flash.c.obj
 *fill*         0x10008ec6        0x2 
 .rodata.__func__.0
                0x10008ec8        0xd CMakeFiles/ProjectName.dir/C_/Users/Vincent/Documents/Pico/pico-sdk/src/rp2_common/hardware_flash/flash.c.obj
 *fill*         0x10008ed5        0x3 
 .rodata.i2c_set_baudrate.str1.4
                0x10008ed8       0x6b CMakeFiles/ProjectName.dir/C_/Users/Vincent/Documents/Pico/pico-sdk/src/rp2_common/hardware_i2c/i2c.c.obj
 *fill*         0x10008f43        0x1 
 .rodata.__func__.0
                0x10008f44       0x11 CMakeFiles/ProjectName.dir/C_/Users/Vincent/Documents/Pico/pico-sdk/src/rp2_common/hardware_i2c/i2c.c.obj
                0x10008f58                . = ALIGN (0x4)
 *fill*         0x10008f55        0x3 
 *(SORT_BY_ALIGNMENT(SORT_BY_NAME(.flashdata*)))
                0x10008f58                . = ALIGN (0x4)

.rel.dyn        0x10008f58        0x0
 .rel.iplt      0x10008f58        0x0 c:/progra~2/gnuarm~1/102021~1.10/bin/../lib/gcc/arm-none-eabi/10.3.1/thumb/v6-m/nofp/crtbegin.o

.ARM.extab
 *(.ARM.extab* .gnu.linkonce.armextab.*)
                0x10008f58                __exidx_start = .

.ARM.exidx
 *(.ARM.exidx* .gnu.linkonce.armexidx.*)
                0x10008f58                __exidx_end = .
                0x10008f58                . = ALIGN (0x4)
                0x10008f58                __binary_info_start = .

.binary_info    0x10008f58       0x2c
 *(.binary_info.keep.*)
 .binary_info.keep.__bi_ptr22
                0x10008f58        0x4 CMakeFiles/ProjectName.dir/C_/Users/Vincent/Documents/Pico/pico-sdk/src/rp2_common/pico_standard_link/binary_info.c.obj
 .binary_info.keep.__bi_ptr30
                0x10008f5c        0x4 CMakeFiles/ProjectName.dir/C_/Users/Vincent/Documents/Pico/pico-sdk/src/rp2_common/pico_standard_link/binary_info.c.obj
 .binary_info.keep.__bi_ptr38
                0x10008f60        0x4 CMakeFiles/ProjectName.dir/C_/Users/Vincent/Documents/Pico/pico-sdk/src/rp2_common/pico_standard_link/binary_info.c.obj
 .binary_info.keep.__bi_ptr44
                0x10008f64        0x4 CMakeFiles/ProjectName.dir/C_/Users/Vincent/Documents/Pico/pico-sdk/src/rp2_common/pico_standard_link/binary_info.c.obj
 .binary_info.keep.__bi_ptr50
                0x10008f68        0x4 CMakeFiles/ProjectName.dir/C_/Users/Vincent/Documents/Pico/pico-sdk/src/rp2_common/pico_standard_link/binary_info.c.obj
 .binary_info.keep.__bi_ptr56
                0x10008f6c        0x4 CMakeFiles/ProjectName.dir/C_/Users/Vincent/Documents/Pico/pico-sdk/src/rp2_common/pico_standard_link/binary_info.c.obj
 .binary_info.keep.__bi_ptr75
                0x10008f70        0x4 CMakeFiles/ProjectName.dir/C_/Users/Vincent/Documents/Pico/pico-sdk/src/rp2_common/pico_standard_link/binary_info.c.obj
 .binary_info.keep.__bi_ptr81
                0x10008f74        0x4 CMakeFiles/ProjectName.dir/C_/Users/Vincent/Documents/Pico/pico-sdk/src/rp2_common/pico_standard_link/binary_info.c.obj
 *(.binary_info.*)
 .binary_info.__bi_ptr28
                0x10008f78        0x4 CMakeFiles/ProjectName.dir/C_/Users/Vincent/Documents/Pico/pico-sdk/src/rp2_common/pico_stdio_uart/stdio_uart.c.obj
 .binary_info.__bi_ptr29
                0x10008f7c        0x4 CMakeFiles/ProjectName.dir/C_/Users/Vincent/Documents/Pico/pico-sdk/src/rp2_common/pico_stdio_uart/stdio_uart.c.obj
 .binary_info.__bi_ptr118
                0x10008f80        0x4 CMakeFiles/ProjectName.dir/C_/Users/Vincent/Documents/Pico/pico-sdk/src/rp2_common/pico_stdio_usb/stdio_usb.c.obj
                0x10008f84                __binary_info_end = .
                0x10008f84                . = ALIGN (0x4)
                0x10008f84                __etext = .

.ram_vector_table
                0x20000000       0xc0
 *(.ram_vector_table)
 .ram_vector_table
                0x20000000       0xc0 CMakeFiles/ProjectName.dir/C_/Users/Vincent/Documents/Pico/pico-sdk/src/rp2_common/pico_runtime/runtime.c.obj
                0x20000000                ram_vector_table

.data           0x200000c0      0x47c load address 0x10008f84
                0x200000c0                __data_start__ = .
 *(vtable)
 *(.time_critical*)
 .time_critical.mutex_enter_blocking
                0x200000c0       0x48 CMakeFiles/ProjectName.dir/C_/Users/Vincent/Documents/Pico/pico-sdk/src/common/pico_sync/mutex.c.obj
                0x200000c0                mutex_enter_blocking
 .time_critical.mutex_try_enter
                0x20000108       0x46 CMakeFiles/ProjectName.dir/C_/Users/Vincent/Documents/Pico/pico-sdk/src/common/pico_sync/mutex.c.obj
                0x20000108                mutex_try_enter
 *fill*         0x2000014e        0x2 
 .time_critical.mutex_enter_block_until
                0x20000150       0x8c CMakeFiles/ProjectName.dir/C_/Users/Vincent/Documents/Pico/pico-sdk/src/common/pico_sync/mutex.c.obj
                0x20000150                mutex_enter_block_until
 .time_critical.mutex_enter_timeout_ms
                0x200001dc       0x74 CMakeFiles/ProjectName.dir/C_/Users/Vincent/Documents/Pico/pico-sdk/src/common/pico_sync/mutex.c.obj
                0x200001dc                mutex_enter_timeout_ms
 .time_critical.mutex_exit
                0x20000250       0x4c CMakeFiles/ProjectName.dir/C_/Users/Vincent/Documents/Pico/pico-sdk/src/common/pico_sync/mutex.c.obj
                0x20000250                mutex_exit
 .time_critical.flash_init_boot2_copyout
                0x2000029c       0x30 CMakeFiles/ProjectName.dir/C_/Users/Vincent/Documents/Pico/pico-sdk/src/rp2_common/hardware_flash/flash.c.obj
 .time_critical.flash_enable_xip_via_boot2
                0x200002cc       0x10 CMakeFiles/ProjectName.dir/C_/Users/Vincent/Documents/Pico/pico-sdk/src/rp2_common/hardware_flash/flash.c.obj
 .time_critical.flash_cs_force
                0x200002dc       0x28 CMakeFiles/ProjectName.dir/C_/Users/Vincent/Documents/Pico/pico-sdk/src/rp2_common/hardware_flash/flash.c.obj
 .time_critical.flash_do_cmd